Component: ARM Compiler 5.06 update 6 (build 750) Tool: armlink [4d35ed]

==============================================================================

Section Cross References

    main.o(i.NFC_RX_Callback) refers to nfc_ex_func.o(i.NFC_Passthrough_RX) for NFC_Passthrough_RX
    main.o(i.NFC_RX_Callback) refers to nfc_ex_func.o(i.NFC_Passthrough_TX) for NFC_Passthrough_TX
    main.o(i.NFC_RX_Callback) refers to main.o(NoInit) for NoInit
    main.o(i.main) refers to sys_ex_func.o(i.init_core_components) for init_core_components
    main.o(i.main) refers to eink_driver.o(i.EINK_PINMODE_INIT) for EINK_PINMODE_INIT
    main.o(i.main) refers to tasks.o(i.xTaskCreate) for xTaskCreate
    main.o(i.main) refers to tasks.o(i.vTaskStartScheduler) for vTaskStartScheduler
    main.o(i.main) refers to main.o(.data) for .data
    main.o(i.main) refers to main.o(i.osMain_task) for osMain_task
    main.o(i.main) refers to nfc_ex_func.o(i.osSYSCORE_task) for osSYSCORE_task
    main.o(i.main) refers to i2c_ex_func.o(i.osSYSAUX_task) for osSYSAUX_task
    main.o(i.osMain_task) refers to tasks.o(i.vTaskDelay) for vTaskDelay
    main.o(i.osMain_task) refers to eink_driver.o(i.GuitarBox_Off) for GuitarBox_Off
    main.o(i.osMain_task) refers to eink_driver.o(i.SPI_48SendData) for SPI_48SendData
    main.o(i.osMain_task) refers to gpio_ex_func.o(i.GPIO_GET_PIN) for GPIO_GET_PIN
    main.o(i.osMain_task) refers to eink_driver.o(i.MIC_TEST) for MIC_TEST
    main.o(i.osMain_task) refers to eink_driver.o(i.MusicLamp_V2) for MusicLamp_V2
    main.o(i.osMain_task) refers to eink_driver.o(i.MusicLED_V2) for MusicLED_V2
    main.o(i.osMain_task) refers to main.o(.data) for .data
    eink_driver.o(i.EINK_PINMODE_INIT) refers to gpio_ex_func.o(i.GPIO_SET_OUTPUT_MODE) for GPIO_SET_OUTPUT_MODE
    eink_driver.o(i.EINK_PINMODE_INIT) refers to gpio_ex_func.o(i.GPIO_SET_PIN) for GPIO_SET_PIN
    eink_driver.o(i.EINK_PINMODE_INIT) refers to gpio_ex_func.o(i.GPIO_CLR_PIN) for GPIO_CLR_PIN
    eink_driver.o(i.EINK_PINMODE_INIT) refers to gpio_ex_func.o(i.GPIO_SET_INPUT_MODE) for GPIO_SET_INPUT_MODE
    eink_driver.o(i.GuitarBox_Off) refers to gpio_ex_func.o(i.GPIO_SET_PIN) for GPIO_SET_PIN
    eink_driver.o(i.GuitarBox_On) refers to gpio_ex_func.o(i.GPIO_CLR_PIN) for GPIO_CLR_PIN
    eink_driver.o(i.GuitarDisplay) refers to eink_driver.o(i.SPI_48SendData) for SPI_48SendData
    eink_driver.o(i.GuitarDisplay) refers to eink_driver.o(i.GuitarBox_Off) for GuitarBox_Off
    eink_driver.o(i.GuitarDisplay) refers to gpio_ex_func.o(i.GPIO_CLR_PIN) for GPIO_CLR_PIN
    eink_driver.o(i.GuitarDisplay) refers to gpio_ex_func.o(i.GPIO_SET_PIN) for GPIO_SET_PIN
    eink_driver.o(i.GuitarDisplay) refers to eink_driver.o(i.__ARM_common_switch8) for __ARM_common_switch8
    eink_driver.o(i.GuitarDisplay) refers to gpio_ex_func.o(i.GPIO_GET_PIN) for GPIO_GET_PIN
    eink_driver.o(i.GuitarLED) refers to tasks.o(i.vTaskDelay) for vTaskDelay
    eink_driver.o(i.GuitarLED) refers to eink_driver.o(i.SPI_48SendData) for SPI_48SendData
    eink_driver.o(i.GuitarLED) refers to gpio_ex_func.o(i.GPIO_CLR_PIN) for GPIO_CLR_PIN
    eink_driver.o(i.GuitarLED) refers to gpio_ex_func.o(i.GPIO_SET_PIN) for GPIO_SET_PIN
    eink_driver.o(i.GuitarLED) refers to gpio_ex_func.o(i.GPIO_GET_PIN) for GPIO_GET_PIN
    eink_driver.o(i.MIC_TEST) refers to eink_driver.o(i.GuitarBox_On) for GuitarBox_On
    eink_driver.o(i.MIC_TEST) refers to eink_driver.o(i.SPI_48SendData) for SPI_48SendData
    eink_driver.o(i.MIC_TEST) refers to eink_driver.o(i.GuitarBox_Off) for GuitarBox_Off
    eink_driver.o(i.MIC_TEST) refers to tasks.o(i.vTaskDelay) for vTaskDelay
    eink_driver.o(i.MIC_TEST) refers to gpio_ex_func.o(i.GPIO_GET_PIN) for GPIO_GET_PIN
    eink_driver.o(i.MusicLED_V2) refers to gpio_ex_func.o(i.GPIO_GET_PIN) for GPIO_GET_PIN
    eink_driver.o(i.MusicLED_V2) refers to eink_driver.o(i.SPI_48SendData) for SPI_48SendData
    eink_driver.o(i.MusicLED_V2) refers to eink_driver.o(i.GuitarBox_Off) for GuitarBox_Off
    eink_driver.o(i.MusicLED_V2) refers to tasks.o(i.vTaskDelay) for vTaskDelay
    eink_driver.o(i.MusicLED_V2) refers to eink_driver.o(i.GuitarBox_On) for GuitarBox_On
    eink_driver.o(i.MusicLED_V2) refers to eink_driver.o(i.__ARM_common_switch8) for __ARM_common_switch8
    eink_driver.o(i.MusicLamp_V2) refers to eink_driver.o(i.SPI_48SendData) for SPI_48SendData
    eink_driver.o(i.MusicLamp_V2) refers to eink_driver.o(i.GuitarBox_Off) for GuitarBox_Off
    eink_driver.o(i.MusicLamp_V2) refers to gpio_ex_func.o(i.GPIO_GET_PIN) for GPIO_GET_PIN
    eink_driver.o(i.MusicLamp_V2) refers to eink_driver.o(i.GuitarBox_On) for GuitarBox_On
    eink_driver.o(i.MusicLamp_V2) refers to tasks.o(i.vTaskDelay) for vTaskDelay
    eink_driver.o(i.MusicLamp_V2) refers to eink_driver.o(.constdata) for .constdata
    eink_driver.o(i.RunningWaterLED) refers to eink_driver.o(i.GuitarBox_Off) for GuitarBox_Off
[...]
    port.o(.emb_text) refers to tasks.o(.data) for pxCurrentTCB
    port.o(.ARM.__at_0x2400) refers to tasks.o(i.vTaskSwitchContext) for vTaskSwitchContext
    port.o(.ARM.__at_0x2400) refers to tasks.o(.data) for pxCurrentTCB
    port.o(i.prvSetupTimerInterrupt) refers to os_port.o(i.osTick_Setup) for osTick_Setup
    port.o(i.pxPortInitialiseStack) refers to port.o(i.prvTaskExitError) for prvTaskExitError
    port.o(i.vApplicationGetIdleTaskMemory) refers to port.o(NoInit) for NoInit
    port.o(i.vApplicationGetTimerTaskMemory) refers to port.o(NoInit) for NoInit
    port.o(i.vPortEnterCritical) refers to port.o(.data) for .data
    port.o(i.vPortExitCritical) refers to port.o(.data) for .data
    port.o(i.xPortStartScheduler) refers to port.o(i.prvSetupTimerInterrupt) for prvSetupTimerInterrupt
    port.o(i.xPortStartScheduler) refers to port.o(.emb_text) for __asm___6_port_c_39a90d8d__prvPortStartFirstTask
    port.o(i.xPortStartScheduler) refers to port.o(.data) for .data
    port.o(i.xPortSysTickHandler) refers to port.o(.emb_text) for ulSetInterruptMaskFromISR
    port.o(i.xPortSysTickHandler) refers to tasks.o(i.xTaskIncrementTick) for xTaskIncrementTick
    event_groups.o(i.vEventGroupClearBitsCallback) refers to event_groups.o(i.xEventGroupClearBits) for xEventGroupClearBits
    event_groups.o(i.vEventGroupDelete) refers to tasks.o(i.vTaskSuspendAll) for vTaskSuspendAll
    event_groups.o(i.vEventGroupDelete) refers to tasks.o(i.vTaskRemoveFromUnorderedEventList) for vTaskRemoveFromUnorderedEventList
    event_groups.o(i.vEventGroupDelete) refers to heap_4.o(i.vPortFree) for vPortFree
    event_groups.o(i.vEventGroupDelete) refers to tasks.o(i.xTaskResumeAll) for xTaskResumeAll
    event_groups.o(i.vEventGroupSetBitsCallback) refers to event_groups.o(i.xEventGroupSetBits) for xEventGroupSetBits
    event_groups.o(i.xEventGroupClearBits) refers to port.o(i.vPortEnterCritical) for vPortEnterCritical
    event_groups.o(i.xEventGroupClearBits) refers to port.o(i.vPortExitCritical) for vPortExitCritical
    event_groups.o(i.xEventGroupCreate) refers to heap_4.o(i.pvPortMalloc) for pvPortMalloc
    event_groups.o(i.xEventGroupCreate) refers to list.o(i.vListInitialise) for vListInitialise
    event_groups.o(i.xEventGroupCreateStatic) refers to list.o(i.vListInitialise) for vListInitialise
    event_groups.o(i.xEventGroupGetBitsFromISR) refers to port.o(.emb_text) for ulSetInterruptMaskFromISR
    event_groups.o(i.xEventGroupSetBits) refers to tasks.o(i.vTaskSuspendAll) for vTaskSuspendAll
    event_groups.o(i.xEventGroupSetBits) refers to tasks.o(i.vTaskRemoveFromUnorderedEventList) for vTaskRemoveFromUnorderedEventList
    event_groups.o(i.xEventGroupSetBits) refers to tasks.o(i.xTaskResumeAll) for xTaskResumeAll
    event_groups.o(i.xEventGroupSync) refers to tasks.o(i.vTaskSuspendAll) for vTaskSuspendAll
    event_groups.o(i.xEventGroupSync) refers to event_groups.o(i.xEventGroupSetBits) for xEventGroupSetBits
    event_groups.o(i.xEventGroupSync) refers to tasks.o(i.vTaskPlaceOnUnorderedEventList) for vTaskPlaceOnUnorderedEventList
    event_groups.o(i.xEventGroupSync) refers to tasks.o(i.xTaskResumeAll) for xTaskResumeAll
    event_groups.o(i.xEventGroupSync) refers to port.o(i.vPortYield) for vPortYield
    event_groups.o(i.xEventGroupSync) refers to tasks.o(i.uxTaskResetEventItemValue) for uxTaskResetEventItemValue
    event_groups.o(i.xEventGroupSync) refers to port.o(i.vPortEnterCritical) for vPortEnterCritical
    event_groups.o(i.xEventGroupSync) refers to port.o(i.vPortExitCritical) for vPortExitCritical
    event_groups.o(i.xEventGroupWaitBits) refers to tasks.o(i.vTaskSuspendAll) for vTaskSuspendAll
    event_groups.o(i.xEventGroupWaitBits) refers to event_groups.o(i.prvTestWaitCondition) for prvTestWaitCondition
    event_groups.o(i.xEventGroupWaitBits) refers to tasks.o(i.vTaskPlaceOnUnorderedEventList) for vTaskPlaceOnUnorderedEventList
    event_groups.o(i.xEventGroupWaitBits) refers to tasks.o(i.xTaskResumeAll) for xTaskResumeAll
    event_groups.o(i.xEventGroupWaitBits) refers to port.o(i.vPortYield) for vPortYield
    event_groups.o(i.xEventGroupWaitBits) refers to tasks.o(i.uxTaskResetEventItemValue) for uxTaskResetEventItemValue
    event_groups.o(i.xEventGroupWaitBits) refers to port.o(i.vPortEnterCritical) for vPortEnterCritical
    event_groups.o(i.xEventGroupWaitBits) refers to port.o(i.vPortExitCritical) for vPortExitCritical
    config.o(.ARM.__AT_0x00002020) refers to entry.o(.ARM.Collect$$$$00000000) for __main
    startup_armcm0.o(RESET) refers to startup_armcm0.o(STACK) for __initial_sp
    startup_armcm0.o(RESET) refers to startup_armcm0.o(.text) for Reset_Handler
    startup_armcm0.o(RESET) refers to port.o(.ARM.__at_0x2400) for PendSV_Handler
    startup_armcm0.o(RESET) refers to sys_serv.o(.ARM.__at_0x2600) for UART_IRQ
    startup_armcm0.o(RESET) refers to sys_serv.o(.ARM.__at_0x2700) for SPI_IRQ
    startup_armcm0.o(RESET) refers to i2c_data.o(.ARM.__at_0x1700) for osI2C_IRQ
    startup_armcm0.o(RESET) refers to nfc_data.o(.ARM.__at_0x1000) for osNFCTX_IRQ
    startup_armcm0.o(RESET) refers to nfc_data.o(.ARM.__at_0x1200) for osNFCRX_IRQ
    startup_armcm0.o(RESET) refers to nfc_data.o(.ARM.__at_0x1100) for osNFCFIELD_IRQ
    startup_armcm0.o(RESET) refers to os_port.o(.ARM.__at_0x2500) for osTIM32_IRQ
    startup_armcm0.o(.text) refers to bootldr.o(.ARM.__at_0x1300) for bootldr
    startup_armcm0.o(.text) refers to config.o(.ARM.__AT_0x00002020) for app_addr
    nfc_ex_func.o(i.NFC_HARV_AHC) refers to nfc_data.o(.data) for NFC_HARV_on
    nfc_ex_func.o(i.NFC_HARV_force_AHC) refers to nfc_data.o(i.HARV_go) for HARV_go
    nfc_ex_func.o(i.NFC_HARV_force_AHC) refers to nfc_ex_func.o(i.NFC_HARV_AHC) for NFC_HARV_AHC
    nfc_ex_func.o(i.NFC_Passthrough_RX) refers to memcpya.o(.text) for __aeabi_memcpy
    nfc_ex_func.o(i.NFC_Passthrough_RX) refers to nfc_data.o(.data) for nfc_ram
    nfc_ex_func.o(i.NFC_Passthrough_TX) refers to memcpya.o(.text) for __aeabi_memcpy
    nfc_ex_func.o(i.NFC_Passthrough_TX) refers to nfc_data.o(.data) for nfc_ram
    nfc_ex_func.o(i.osSYSCORE_task) refers to tasks.o(i.ulTaskNotifyTake) for ulTaskNotifyTake
    nfc_ex_func.o(i.osSYSCORE_task) refers to main.o(i.NFC_RX_Callback) for NFC_RX_Callback
    nfc_ex_func.o(i.osSYSCORE_task) refers to main.o(i.NFC_TX_Callback) for NFC_TX_Callback
    nfc_ex_func.o(i.osSYSCORE_task) refers to main.o(RW_IRAM1) for NFC_FIELD_OFF_Callback
    nfc_ex_func.o(i.osSYSCORE_task) refers to nfc_data.o(RW_IRAM1) for bleed_to_die
    nfc_ex_func.o(i.osSYSCORE_task) refers to main.o(i.NFC_FIELD_ON_Callback) for NFC_FIELD_ON_Callback
    nfc_ex_func.o(i.osSYSCORE_task) refers to nfc_ex_func.o(.data) for .data
    i2c_ex_func.o(i.I2C_enable) refers to gpio_ex_func.o(i.GPIO_SET_FUNC_MODE) for GPIO_SET_FUNC_MODE
    i2c_ex_func.o(i.I2C_enable) refers to i2c_data.o(i.HW_IIC_init) for HW_IIC_init
    i2c_ex_func.o(i.osSYSAUX_task) refers to main.o(i.I2C_SLV_RD_RQST_Callback) for I2C_SLV_RD_RQST_Callback
    i2c_ex_func.o(i.osSYSAUX_task) refers to main.o(i.I2C_SLV_WR_DONE_Callback) for I2C_SLV_WR_DONE_Callback
    i2c_ex_func.o(i.osSYSAUX_task) refers to tasks.o(i.ulTaskNotifyTake) for ulTaskNotifyTake
    i2c_ex_func.o(i.osSYSAUX_task) refers to i2c_ex_func.o(.data) for .data
    i2c_ex_func.o(i.osSYSAUX_task) refers to i2c_data.o(.bss) for i2c_rtx
    os_port.o(.ARM.__at_0x2500) refers to os_port.o(i.OS_Tick_AcknowledgeIRQ) for OS_Tick_AcknowledgeIRQ
    os_port.o(.ARM.__at_0x2500) refers to port.o(i.xPortSysTickHandler) for xPortSysTickHandler
    os_port.o(.ARM.__at_0x2500) refers to sys_serv.o(i.tick_callback) for tick_callback
    os_port.o(i.osTick_Setup) refers to uidiv.o(.text) for __aeabi_uidivmod
    os_port.o(i.osTick_Setup) refers to config.o(.data) for SystemCoreClock
    sys_serv.o(i.tag_mem_setup) refers to memcpya.o(.text) for __aeabi_memcpy
    sys_serv.o(i.tag_mem_setup) refers to config.o(ER_IROM1) for tag_in_ram
    sys_serv.o(i.tag_mem_setup) refers to nfc_data.o(.data) for nfc_mem
    sys_serv.o(i.tag_mem_setup) refers to config.o(.ARM.__AT_0x60000780) for def_tag
    sys_serv.o(i.tick_callback) refers to nfc_data.o(i.NFC_HARVcur_set) for NFC_HARVcur_set
    sys_serv.o(i.tick_callback) refers to nfc_data.o(i.HARV_EN) for HARV_EN
    sys_serv.o(i.tick_callback) refers to nfc_data.o(i.isNFC_HARV_on) for isNFC_HARV_on
    sys_serv.o(i.tick_callback) refers to nfc_data.o(i.HARV_DIS) for HARV_DIS
    sys_serv.o(i.tick_callback) refers to nfc_data.o(.data) for NFC_HARV_on
    sys_serv.o(i.tick_callback) refers to sys_serv.o(.data) for .data
    sys_ex_func.o(i.init_core_components) refers to reg.o(i.init_reg) for init_reg
    sys_ex_func.o(i.init_core_components) refers to nfc_data.o(i.HARV_DIS) for HARV_DIS
    sys_ex_func.o(i.init_core_components) refers to sys_serv.o(i.tag_mem_setup) for tag_mem_setup
    sys_ex_func.o(i.init_core_components) refers to sys_ex_func.o(i.__NVIC_SetPriority) for __NVIC_SetPriority
    sys_ex_func.o(i.init_core_components) refers to sys_ex_func.o(.data) for .data
    sys_ex_func.o(i.init_core_components) refers to bootldr.o(.ARM.__AT_0x20000FD0) for enter_bldr
    bootldr.o(.ARM.__at_0x1300) refers to bootldr.o(.ARM.__at_0x1400) for enter_OTA
    bootldr.o(.ARM.__at_0x1300) refers to bootldr.o(.ARM.__AT_0x20000FD0) for .ARM.__AT_0x20000FD0
    bootldr.o(.ARM.__at_0x1300) refers to bootldr.o(.ARM.__AT_0x20000FD8) for .ARM.__AT_0x20000FD8
    bootldr.o(.ARM.__at_0x1300) refers to config.o(.ARM.__AT_0x00007FD0) for FW_VER_1
    bootldr.o(.ARM.__at_0x1300) refers to config.o(.ARM.__AT_0x00002000) for FW_VER_0
    bootldr.o(.ARM.__at_0x1400) refers to bootldr.o(BLDR) for OTA_opt
    bootldr.o(.ARM.__at_0x1400) refers to bootldr.o(.ARM.__AT_0x20000FD0) for .ARM.__AT_0x20000FD0
    bootldr.o(.ARM.__at_0x1400) refers to bootldr.o(.ARM.__AT_0x20000FDC) for .ARM.__AT_0x20000FDC
    bootldr.o(.ARM.__at_0x1400) refers to bootldr.o(BLDR) for BLDR
    bootldr.o(BLDR) refers to bootldr.o(.ARM.__AT_0x20000FDC) for .ARM.__AT_0x20000FDC
    bootldr.o(BLDR) refers to bootldr.o(.ARM.__AT_0x20000FD8) for .ARM.__AT_0x20000FD8
    bootldr.o(BLDR) refers to nfc_data.o(.ARM.__AT_0x20000FD4) for nfc_a_tag_state
    bootldr.o(BLDR) refers to bootldr.o(BLDR) for BLDR
    bootldr.o(BLDR) refers to nfc_data.o(.data) for SectorNo
    bootldr.o(BLDR) refers to config.o(.ARM.__AT_0x00007FD0) for FW_VER_1
    bootldr.o(BLDR) refers to sys_ex_func.o(.data) for sysinfo
    bootldr.o(BLDR) refers to i2c_data.o(.bss) for i2c_rtx
    nfc_data.o(.ARM.__at_0x1000) refers to bootldr.o(BLDR) for NFCTX_IRQ_BLDR
    nfc_data.o(.ARM.__at_0x1000) refers to nfc_data.o(.ARM.__at_0x2100) for NFCTX_IRQ_APP
    nfc_data.o(.ARM.__at_0x1000) refers to bootldr.o(.ARM.__AT_0x20000FD0) for enter_bldr
    nfc_data.o(.ARM.__at_0x1100) refers to bootldr.o(BLDR) for NFCFIELD_IRQ_BLDR
    nfc_data.o(.ARM.__at_0x1100) refers to nfc_data.o(.ARM.__at_0x2200) for NFCFIELD_IRQ_APP
    nfc_data.o(.ARM.__at_0x1100) refers to bootldr.o(.ARM.__AT_0x20000FD0) for enter_bldr
    nfc_data.o(.ARM.__at_0x1200) refers to bootldr.o(BLDR) for NFCRX_IRQ_BLDR
    nfc_data.o(.ARM.__at_0x1200) refers to nfc_data.o(.ARM.__at_0x2300) for NFCRX_IRQ_APP
    nfc_data.o(.ARM.__at_0x1200) refers to bootldr.o(.ARM.__AT_0x20000FD0) for enter_bldr
    nfc_data.o(.ARM.__at_0x2100) refers to nfc_data.o(i.HARV_go) for HARV_go
    nfc_data.o(.ARM.__at_0x2100) refers to tasks.o(i.vTaskNotifyGiveFromISR) for vTaskNotifyGiveFromISR
    nfc_data.o(.ARM.__at_0x2100) refers to nfc_data.o(.ARM.__AT_0x20000FD4) for .ARM.__AT_0x20000FD4
    nfc_data.o(.ARM.__at_0x2100) refers to sys_ex_func.o(.data) for freq_init
    nfc_data.o(.ARM.__at_0x2100) refers to main.o(.data) for SYSCORE_id
    nfc_data.o(.ARM.__at_0x2100) refers to nfc_ex_func.o(.data) for SYSCORE_EVT
    nfc_data.o(.ARM.__at_0x2200) refers to nfc_data.o(i.HARV_stop) for HARV_stop
    nfc_data.o(.ARM.__at_0x2200) refers to tasks.o(i.vTaskNotifyGiveFromISR) for vTaskNotifyGiveFromISR
    nfc_data.o(.ARM.__at_0x2200) refers to nfc_data.o(.ARM.__AT_0x20000FD4) for .ARM.__AT_0x20000FD4
    nfc_data.o(.ARM.__at_0x2200) refers to nfc_data.o(.data) for .data
    nfc_data.o(.ARM.__at_0x2200) refers to main.o(.data) for SYSCORE_id
    nfc_data.o(.ARM.__at_0x2200) refers to nfc_ex_func.o(.data) for SYSCORE_EVT
    nfc_data.o(.ARM.__at_0x2300) refers to nfc_data.o(i.HARV_stop) for HARV_stop
    nfc_data.o(.ARM.__at_0x2300) refers to nfc_data.o(i.NFC_TYPE2_DATA_Handle) for NFC_TYPE2_DATA_Handle
    nfc_data.o(.ARM.__at_0x2300) refers to tasks.o(i.vTaskNotifyGiveFromISR) for vTaskNotifyGiveFromISR
    nfc_data.o(.ARM.__at_0x2300) refers to main.o(.data) for SYSCORE_id
    nfc_data.o(.ARM.__at_0x2300) refers to nfc_ex_func.o(.data) for SYSCORE_EVT
    nfc_data.o(RW_IRAM1) refers to gpio_ex_func.o(i.GPIO_SET_OUTPUT_MODE) for GPIO_SET_OUTPUT_MODE
    nfc_data.o(RW_IRAM1) refers to gpio_ex_func.o(i.GPIO_CLR_PIN) for GPIO_CLR_PIN
    nfc_data.o(i.HARV_go) refers to nfc_data.o(i.NFC_HARVcur_set) for NFC_HARVcur_set
    nfc_data.o(i.HARV_go) refers to nfc_data.o(i.HARV_EN) for HARV_EN
    nfc_data.o(i.HARV_go) refers to sys_serv.o(.data) for HARV_STAT
    nfc_data.o(i.HARV_stop) refers to nfc_data.o(i.HARV_DIS) for HARV_DIS
    nfc_data.o(i.HARV_stop) refers to sys_serv.o(.data) for HARV_STAT
    nfc_data.o(i.NFC_TYPE2_DATA_Handle) refers to nfc_data.o(i.HARV_go) for HARV_go
    nfc_data.o(i.NFC_TYPE2_DATA_Handle) refers to reg_ex_func.o(i.FLASH_lock) for FLASH_lock
    nfc_data.o(i.NFC_TYPE2_DATA_Handle) refers to memcpya.o(.text) for __aeabi_memcpy
    nfc_data.o(i.NFC_TYPE2_DATA_Handle) refers to nfc_data.o(.data) for .data
    nfc_data.o(i.NFC_TYPE2_DATA_Handle) refers to nfc_data.o(.ARM.__AT_0x20000FD4) for .ARM.__AT_0x20000FD4
    nfc_data.o(i.NFC_TYPE2_DATA_Handle) refers to nfc_data.o(.constdata) for .constdata
    i2c_data.o(.ARM.__at_0x1700) refers to bootldr.o(BLDR) for I2C_IRQ_BLDR
    i2c_data.o(.ARM.__at_0x1700) refers to i2c_data.o(.ARM.__at_0x2800) for I2C_IRQ_APP
    i2c_data.o(.ARM.__at_0x1700) refers to bootldr.o(.ARM.__AT_0x20000FD0) for enter_bldr
    i2c_data.o(.ARM.__at_0x2800) refers to i2c_data.o(i.HW_I2C_DATA_Handle) for HW_I2C_DATA_Handle
    i2c_data.o(.ARM.__at_0x2800) refers to tasks.o(i.vTaskNotifyGiveFromISR) for vTaskNotifyGiveFromISR
    i2c_data.o(.ARM.__at_0x2800) refers to i2c_ex_func.o(.data) for SYSAUX_EVT
    i2c_data.o(.ARM.__at_0x2800) refers to main.o(.data) for SYSAUX_id
    i2c_data.o(i.HW_I2C_DATA_Handle) refers to i2c_ex_func.o(.data) for SYSAUX_EVT
    i2c_data.o(i.HW_I2C_DATA_Handle) refers to i2c_data.o(.bss) for .bss
    i2c_data.o(i.HW_IIC_init) refers to i2c_data.o(.bss) for .bss
    reg.o(i.init_reg) refers to reg.o(.data) for .data
    entry.o(.ARM.Collect$$$$00000000) refers (Special) to entry10a.o(.ARM.Collect$$$$0000000D) for __rt_final_cpp
    entry.o(.ARM.Collect$$$$00000000) refers (Special) to entry11a.o(.ARM.Collect$$$$0000000F) for __rt_final_exit
    entry.o(.ARM.Collect$$$$00000000) refers (Special) to entry7b.o(.ARM.Collect$$$$00000008) for _main_clock
    entry.o(.ARM.Collect$$$$00000000) refers (Special) to entry8b.o(.ARM.Collect$$$$0000000A) for _main_cpp_init
    entry.o(.ARM.Collect$$$$00000000) refers (Special) to entry9a.o(.ARM.Collect$$$$0000000B) for _main_init
    entry.o(.ARM.Collect$$$$00000000) refers (Special) to entry5.o(.ARM.Collect$$$$00000004) for _main_scatterload
    entry.o(.ARM.Collect$$$$00000000) refers (Special) to entry4.o(.ARM.Collect$$$$00000003) for _main_stk
    entry4.o(.ARM.Collect$$$$00000003) refers to entry4.o(.ARM.Collect$$$$00002714) for __lit__00000000
    entry4.o(__vectab_stack_and_reset_area) refers to entry.o(.ARM.Collect$$$$00000000) for __main
    entry5.o(.ARM.Collect$$$$00000004) refers to init.o(.text) for __scatterload
    entry9a.o(.ARM.Collect$$$$0000000B) refers to main.o(i.main) for main
    entry9b.o(.ARM.Collect$$$$0000000C) refers to main.o(i.main) for main
    init.o(.text) refers to entry5.o(.ARM.Collect$$$$00000004) for __main_after_scatterload


==============================================================================

Removing Unused input sections from the image.

    Removing main.o(.rev16_text), (4 bytes).
    Removing main.o(.revsh_text), (4 bytes).
    Removing main.o(i.I2C_SLV_RD_DONE_Callback), (2 bytes).
    Removing eink_driver.o(.rev16_text), (4 bytes).
    Removing eink_driver.o(.revsh_text), (4 bytes).
    Removing eink_driver.o(i.GuitarDisplay), (264 bytes).
    Removing eink_driver.o(i.GuitarLED), (180 bytes).
    Removing eink_driver.o(i.RunningWaterLED), (320 bytes).
    Removing eink_driver.o(i.RunningWaterWhiteLED), (332 bytes).
    Removing eink_driver.o(i.SPI_SendData), (108 bytes).
    Removing list.o(.rev16_text), (4 bytes).
    Removing list.o(.revsh_text), (4 bytes).
    Removing queue.o(.rev16_text), (4 bytes).
    Removing queue.o(.revsh_text), (4 bytes).
    Removing queue.o(i.prvCopyDataFromQueue), (36 bytes).
    Removing queue.o(i.prvCopyDataToQueue), (112 bytes).
    Removing queue.o(i.prvGetDisinheritPriorityAfterTimeout), (20 bytes).
    Removing queue.o(i.prvInitialiseMutex), (26 bytes).
    Removing queue.o(i.prvInitialiseNewQueue), (28 bytes).
    Removing queue.o(i.prvIsQueueEmpty), (28 bytes).
    Removing queue.o(i.prvIsQueueFull), (30 bytes).
    Removing queue.o(i.prvUnlockQueue), (112 bytes).
    Removing queue.o(i.uxQueueMessagesWaiting), (18 bytes).
    Removing queue.o(i.uxQueueMessagesWaitingFromISR), (4 bytes).
    Removing queue.o(i.uxQueueSpacesAvailable), (22 bytes).
    Removing queue.o(i.vQueueDelete), (16 bytes).
    Removing queue.o(i.xQueueCreateCountingSemaphore), (20 bytes).
    Removing queue.o(i.xQueueCreateCountingSemaphoreStatic), (26 bytes).
    Removing queue.o(i.xQueueCreateMutex), (24 bytes).
    Removing queue.o(i.xQueueCreateMutexStatic), (28 bytes).
    Removing queue.o(i.xQueueGenericCreate), (58 bytes).
    Removing queue.o(i.xQueueGenericCreateStatic), (26 bytes).
    Removing queue.o(i.xQueueGenericReset), (104 bytes).
    Removing queue.o(i.xQueueGenericSend), (226 bytes).
    Removing queue.o(i.xQueueGenericSendFromISR), (102 bytes).
    Removing queue.o(i.xQueueGetMutexHolder), (28 bytes).
    Removing queue.o(i.xQueueGetMutexHolderFromISR), (14 bytes).
    Removing queue.o(i.xQueueGiveFromISR), (84 bytes).
    Removing queue.o(i.xQueueIsQueueEmptyFromISR), (14 bytes).
    Removing queue.o(i.xQueueIsQueueFullFromISR), (16 bytes).
    Removing queue.o(i.xQueuePeek), (222 bytes).
    Removing queue.o(i.xQueuePeekFromISR), (46 bytes).
    Removing queue.o(i.xQueueReceive), (220 bytes).
    Removing queue.o(i.xQueueReceiveFromISR), (98 bytes).
    Removing queue.o(i.xQueueSemaphoreTake), (274 bytes).
    Removing tasks.o(.rev16_text), (4 bytes).
    Removing tasks.o(.revsh_text), (4 bytes).
    Removing tasks.o(i.eTaskGetState), (92 bytes).
    Removing tasks.o(i.pcTaskGetName), (16 bytes).
    Removing tasks.o(i.prvTaskCheckFreeStackSpace), (20 bytes).
    Removing tasks.o(i.prvTaskIsTaskSuspended), (36 bytes).
    Removing tasks.o(i.pvTaskIncrementMutexHeldCount), (24 bytes).
    Removing tasks.o(i.uxTaskGetNumberOfTasks), (12 bytes).
    Removing tasks.o(i.uxTaskGetStackHighWaterMark), (24 bytes).
    Removing tasks.o(i.uxTaskPriorityGet), (32 bytes).
    Removing tasks.o(i.uxTaskPriorityGetFromISR), (32 bytes).
    Removing tasks.o(i.uxTaskResetEventItemValue), (24 bytes).
    Removing tasks.o(i.vTaskDelayUntil), (80 bytes).
    Removing tasks.o(i.vTaskDelete), (112 bytes).
    Removing tasks.o(i.vTaskEndScheduler), (20 bytes).
    Removing tasks.o(i.vTaskInternalSetTimeOutState), (16 bytes).
    Removing tasks.o(i.vTaskMissedYield), (12 bytes).
    Removing tasks.o(i.vTaskPlaceOnEventList), (28 bytes).
    Removing tasks.o(i.vTaskPlaceOnUnorderedEventList), (40 bytes).
    Removing tasks.o(i.vTaskPriorityDisinheritAfterTimeout), (100 bytes).
    Removing tasks.o(i.vTaskPrioritySet), (148 bytes).
    Removing tasks.o(i.vTaskRemoveFromUnorderedEventList), (72 bytes).
    Removing tasks.o(i.vTaskResume), (88 bytes).
    Removing tasks.o(i.vTaskSetTimeOutState), (28 bytes).
    Removing tasks.o(i.vTaskSuspend), (128 bytes).
    Removing tasks.o(i.xTaskCheckForTimeOut), (80 bytes).
    Removing tasks.o(i.xTaskGenericNotify), (152 bytes).
    Removing tasks.o(i.xTaskGenericNotifyFromISR), (188 bytes).
    Removing tasks.o(i.xTaskGetCurrentTaskHandle), (12 bytes).
    Removing tasks.o(i.xTaskGetSchedulerState), (32 bytes).
    Removing tasks.o(i.xTaskGetTickCount), (12 bytes).
    Removing tasks.o(i.xTaskGetTickCountFromISR), (12 bytes).
    Removing tasks.o(i.xTaskNotifyStateClear), (48 bytes).
    Removing tasks.o(i.xTaskNotifyWait), (124 bytes).
    Removing tasks.o(i.xTaskPriorityDisinherit), (84 bytes).
    Removing tasks.o(i.xTaskPriorityInherit), (120 bytes).
    Removing tasks.o(i.xTaskRemoveFromEventList), (100 bytes).
    Removing tasks.o(i.xTaskResumeFromISR), (108 bytes).
    Removing timers.o(.rev16_text), (4 bytes).
    Removing timers.o(.revsh_text), (4 bytes).
    Removing heap_4.o(.rev16_text), (4 bytes).
    Removing heap_4.o(.revsh_text), (4 bytes).
    Removing heap_4.o(i.vPortInitialiseBlocks), (2 bytes).
    Removing heap_4.o(i.xPortGetFreeHeapSize), (12 bytes).
    Removing heap_4.o(i.xPortGetMinimumEverFreeHeapSize), (12 bytes).
    Removing freertos_evr.o(.rev16_text), (4 bytes).
    Removing freertos_evr.o(.revsh_text), (4 bytes).
    Removing port.o(.rev16_text), (4 bytes).
    Removing port.o(.revsh_text), (4 bytes).
    Removing port.o(i.vApplicationGetTimerTaskMemory), (20 bytes).
    Removing port.o(i.vPortEndScheduler), (2 bytes).
    Removing event_groups.o(.rev16_text), (4 bytes).
    Removing event_groups.o(.revsh_text), (4 bytes).
    Removing event_groups.o(i.prvTestWaitCondition), (24 bytes).
    Removing event_groups.o(i.vEventGroupClearBitsCallback), (8 bytes).
    Removing event_groups.o(i.vEventGroupDelete), (48 bytes).
    Removing event_groups.o(i.vEventGroupSetBitsCallback), (8 bytes).
    Removing event_groups.o(i.xEventGroupClearBits), (26 bytes).
    Removing event_groups.o(i.xEventGroupCreate), (30 bytes).
    Removing event_groups.o(i.xEventGroupCreateStatic), (26 bytes).
    Removing event_groups.o(i.xEventGroupGetBitsFromISR), (18 bytes).
    Removing event_groups.o(i.xEventGroupSetBits), (114 bytes).
    Removing event_groups.o(i.xEventGroupSync), (128 bytes).
    Removing event_groups.o(i.xEventGroupWaitBits), (172 bytes).
    Removing config.o(.rev16_text), (4 bytes).
    Removing config.o(.revsh_text), (4 bytes).
    Removing config.o(.data), (4 bytes).
    Removing config.o(.data), (4 bytes).
    Removing startup_armcm0.o(HEAP), (0 bytes).
    Removing nfc_ex_func.o(.rev16_text), (4 bytes).
    Removing nfc_ex_func.o(.revsh_text), (4 bytes).
    Removing nfc_ex_func.o(i.NFC_FIELD_OFF_Callback), (2 bytes).
    Removing nfc_ex_func.o(i.NFC_FIELD_ON_Callback), (2 bytes).
    Removing nfc_ex_func.o(i.NFC_HARV_AHC), (12 bytes).
    Removing nfc_ex_func.o(i.NFC_HARV_force_AHC), (14 bytes).
    Removing nfc_ex_func.o(i.NFC_RX_Callback), (2 bytes).
    Removing nfc_ex_func.o(i.NFC_TX_Callback), (2 bytes).
    Removing nfc_ex_func.o(i.isNFC_field_on), (16 bytes).
    Removing i2c_ex_func.o(.rev16_text), (4 bytes).
    Removing i2c_ex_func.o(.revsh_text), (4 bytes).
    Removing i2c_ex_func.o(i.I2C_SLV_RD_DONE_Callback), (2 bytes).
    Removing i2c_ex_func.o(i.I2C_SLV_RD_RQST_Callback), (4 bytes).
    Removing i2c_ex_func.o(i.I2C_SLV_WR_DONE_Callback), (2 bytes).
    Removing i2c_ex_func.o(i.I2C_enable), (68 bytes).
    Removing os_port.o(.rev16_text), (4 bytes).
    Removing os_port.o(.revsh_text), (4 bytes).
    Removing sys_serv.o(.rev16_text), (4 bytes).
    Removing sys_serv.o(.revsh_text), (4 bytes).
    Removing sys_serv.o(.data), (2 bytes).
    Removing sys_ex_func.o(.rev16_text), (4 bytes).
    Removing sys_ex_func.o(.revsh_text), (4 bytes).
    Removing gpio_ex_func.o(.rev16_text), (4 bytes).
    Removing gpio_ex_func.o(.revsh_text), (4 bytes).
    Removing gpio_ex_func.o(i.EXIT_GET_INTFLG), (20 bytes).
    Removing gpio_ex_func.o(i.EXTI_EnableFallingTrig), (20 bytes).
    Removing gpio_ex_func.o(i.EXTI_EnableRFTrig), (20 bytes).
    Removing gpio_ex_func.o(i.EXTI_EnableRisingTrig), (20 bytes).
    Removing gpio_ex_func.o(i.GPIO_SET_FUNC_MODE), (20 bytes).
    Removing gpio_ex_func.o(i.GPIO_SET_TEST_MODE), (20 bytes).
    Removing gpio_ex_func.o(i.GPIO_TOG_PIN), (16 bytes).
    Removing bootldr.o(.rev16_text), (4 bytes).
    Removing bootldr.o(.revsh_text), (4 bytes).
    Removing nfc_data.o(.rev16_text), (4 bytes).
    Removing nfc_data.o(.revsh_text), (4 bytes).
    Removing i2c_data.o(.rev16_text), (4 bytes).
    Removing i2c_data.o(.revsh_text), (4 bytes).
    Removing i2c_data.o(i.HW_IIC_init), (136 bytes).
    Removing i2c_data.o(.data), (1 bytes).
    Removing reg.o(.rev16_text), (4 bytes).
    Removing reg.o(.revsh_text), (4 bytes).
    Removing reg.o(.data), (4 bytes).
    Removing reg_ex_func.o(.rev16_text), (4 bytes).
    Removing reg_ex_func.o(.revsh_text), (4 bytes).
    Removing reg_ex_func.o(i.reg_get_value), (16 bytes).
    Removing reg_ex_func.o(i.reg_update_system), (72 bytes).

160 unused section(s) (total 6871 bytes) removed from the image.

==============================================================================

Adding Veneers to the image

    Adding TT veneer (12 bytes, Long) for call to 'bleed_to_die' from nfc_ex_func.o(i.osSYSCORE_task).
    Adding TT veneer (12 bytes, Long) for call to 'GPIO_SET_OUTPUT_MODE' from nfc_data.o(RW_IRAM1).
    Adding TT veneer (12 bytes, Long) for call to 'GPIO_CLR_PIN' from nfc_data.o(RW_IRAM1).

3 Veneer(s) (total 36 bytes) added to the image.

==============================================================================

Image Symbol Table

    Local Symbols

    Symbol Name                              Value     Ov Type        Size  Object(Section)

    RESET                                    0x00000000   Section      192  startup_armcm0.o(RESET)
    ../clib/microlib/division.c              0x00000000   Number         0  uidiv.o ABSOLUTE
    ../clib/microlib/init/entry.s            0x00000000   Number         0  entry10a.o ABSOLUTE
    ../clib/microlib/init/entry.s            0x00000000   Number         0  entry8b.o ABSOLUTE
    ../clib/microlib/init/entry.s            0x00000000   Number         0  entry9a.o ABSOLUTE
    ../clib/microlib/init/entry.s            0x00000000   Number         0  entry9b.o ABSOLUTE
    ../clib/microlib/init/entry.s            0x00000000   Number         0  entry11b.o ABSOLUTE
    ../clib/microlib/init/entry.s            0x00000000   Number         0  entry10b.o ABSOLUTE
    ../clib/microlib/init/entry.s            0x00000000   Number         0  entry5.o ABSOLUTE
    ../clib/microlib/init/entry.s            0x00000000   Number         0  entry8a.o ABSOLUTE
    ../clib/microlib/init/entry.s            0x00000000   Number         0  entry7b.o ABSOLUTE
    ../clib/microlib/init/entry.s            0x00000000   Number         0  entry11a.o ABSOLUTE
    ../clib/microlib/init/entry.s            0x00000000   Number         0  entry7a.o ABSOLUTE
    ../clib/microlib/init/entry.s            0x00000000   Number         0  entry4.o ABSOLUTE
    ../clib/microlib/init/entry.s            0x00000000   Number         0  entry.o ABSOLUTE
    ../clib/microlib/string/memcpy.c         0x00000000   Number         0  memcpya.o ABSOLUTE
    ../clib/microlib/string/memcpy.c         0x00000000   Number         0  memcpyb.o ABSOLUTE
    ../clib/microlib/string/memset.c         0x00000000   Number         0  memseta.o ABSOLUTE
    APP\BLDR\bootldr.c                       0x00000000   Number         0  bootldr.o ABSOLUTE
    APP\EINK\EINK_Driver.c                   0x00000000   Number         0  eink_driver.o ABSOLUTE
    APP\GPIO\gpio_ex_func.c                  0x00000000   Number         0  gpio_ex_func.o ABSOLUTE
    APP\IIC\I2C_data.c                       0x00000000   Number         0  i2c_data.o ABSOLUTE
    APP\IIC\I2C_ex_func.c                    0x00000000   Number         0  i2c_ex_func.o ABSOLUTE
    APP\NFC\nfc_data.c                       0x00000000   Number         0  nfc_data.o ABSOLUTE
    APP\NFC\nfc_ex_func.c                    0x00000000   Number         0  nfc_ex_func.o ABSOLUTE
    APP\REG\reg.c                            0x00000000   Number         0  reg.o ABSOLUTE
    APP\REG\reg_ex_func.c                    0x00000000   Number         0  reg_ex_func.o ABSOLUTE
    APP\SYS\sys_ex_func.c                    0x00000000   Number         0  sys_ex_func.o ABSOLUTE
    APP\SYS\sys_serv.c                       0x00000000   Number         0  sys_serv.o ABSOLUTE
    APP\TN2115s_libs\config.c                0x00000000   Number         0  config.o ABSOLUTE
    APP\\BLDR\\bootldr.c                     0x00000000   Number         0  bootldr.o ABSOLUTE
    APP\\EINK\\EINK_Driver.c                 0x00000000   Number         0  eink_driver.o ABSOLUTE
    APP\\GPIO\\gpio_ex_func.c                0x00000000   Number         0  gpio_ex_func.o ABSOLUTE
    APP\\IIC\\I2C_data.c                     0x00000000   Number         0  i2c_data.o ABSOLUTE
    APP\\IIC\\I2C_ex_func.c                  0x00000000   Number         0  i2c_ex_func.o ABSOLUTE
    APP\\NFC\\nfc_data.c                     0x00000000   Number         0  nfc_data.o ABSOLUTE
    APP\\NFC\\nfc_ex_func.c                  0x00000000   Number         0  nfc_ex_func.o ABSOLUTE
    APP\\REG\\reg.c                          0x00000000   Number         0  reg.o ABSOLUTE
    APP\\REG\\reg_ex_func.c                  0x00000000   Number         0  reg_ex_func.o ABSOLUTE
    APP\\SYS\\sys_ex_func.c                  0x00000000   Number         0  sys_ex_func.o ABSOLUTE
    APP\\SYS\\sys_serv.c                     0x00000000   Number         0  sys_serv.o ABSOLUTE
    APP\\TN2115s_libs\\config.c              0x00000000   Number         0  config.o ABSOLUTE
    APP\\main.c                              0x00000000   Number         0  main.o ABSOLUTE
    APP\\sys\\os_port.c                      0x00000000   Number         0  os_port.o ABSOLUTE
    APP\main.c                               0x00000000   Number         0  main.o ABSOLUTE
    APP\sys\os_port.c                        0x00000000   Number         0  os_port.o ABSOLUTE
    Common\CMSIS-FreeRTOS\10.0.1\CMSIS\RTOS2\FreeRTOS\Source\freertos_evr.c 0x00000000   Number         0  freertos_evr.o ABSOLUTE
    Common\CMSIS-FreeRTOS\10.0.1\Source\event_groups.c 0x00000000   Number         0  event_groups.o ABSOLUTE
    Common\CMSIS-FreeRTOS\10.0.1\Source\list.c 0x00000000   Number         0  list.o ABSOLUTE
    Common\CMSIS-FreeRTOS\10.0.1\Source\portable\MemMang\heap_4.c 0x00000000   Number         0  heap_4.o ABSOLUTE
    Common\CMSIS-FreeRTOS\10.0.1\Source\portable\RVDS\ARM_CM0\port.c 0x00000000   Number         0  port.o ABSOLUTE
    Common\CMSIS-FreeRTOS\10.0.1\Source\queue.c 0x00000000   Number         0  queue.o ABSOLUTE
    Common\CMSIS-FreeRTOS\10.0.1\Source\tasks.c 0x00000000   Number         0  tasks.o ABSOLUTE
    Common\CMSIS-FreeRTOS\10.0.1\Source\timers.c 0x00000000   Number         0  timers.o ABSOLUTE
    Common\RTE\Device\ARMCM0\startup_ARMCM0.s 0x00000000   Number         0  startup_armcm0.o ABSOLUTE
    Common\\CMSIS-FreeRTOS\\10.0.1\\CMSIS\\RTOS2\\FreeRTOS\\Source\\freertos_evr.c 0x00000000   Number         0  freertos_evr.o ABSOLUTE
    Common\\CMSIS-FreeRTOS\\10.0.1\\Source\\event_groups.c 0x00000000   Number         0  event_groups.o ABSOLUTE
    Common\\CMSIS-FreeRTOS\\10.0.1\\Source\\list.c 0x00000000   Number         0  list.o ABSOLUTE
    Common\\CMSIS-FreeRTOS\\10.0.1\\Source\\portable\\MemMang\\heap_4.c 0x00000000   Number         0  heap_4.o ABSOLUTE
    Common\\CMSIS-FreeRTOS\\10.0.1\\Source\\portable\\RVDS\\ARM_CM0\\port.c 0x00000000   Number         0  port.o ABSOLUTE
    Common\\CMSIS-FreeRTOS\\10.0.1\\Source\\queue.c 0x00000000   Number         0  queue.o ABSOLUTE
    Common\\CMSIS-FreeRTOS\\10.0.1\\Source\\tasks.c 0x00000000   Number         0  tasks.o ABSOLUTE
    Common\\CMSIS-FreeRTOS\\10.0.1\\Source\\timers.c 0x00000000   Number         0  timers.o ABSOLUTE
    dc.s                                     0x00000000   Number         0  dc.o ABSOLUTE
    handlers.s                               0x00000000   Number         0  handlers.o ABSOLUTE
    init.s                                   0x00000000   Number         0  init.o ABSOLUTE
    .text                                    0x000000c0   Section       32  startup_armcm0.o(.text)
    BLDR                                     0x000000e0   Section        0  bootldr.o(BLDR)
    BLDR                                     0x00000828   Section      184  bootldr.o(BLDR)
    .ARM.__at_0x1000                         0x00001000   Section        0  nfc_data.o(.ARM.__at_0x1000)
    .ARM.__at_0x1100                         0x00001100   Section        0  nfc_data.o(.ARM.__at_0x1100)
    .ARM.__at_0x1200                         0x00001200   Section        0  nfc_data.o(.ARM.__at_0x1200)
    .ARM.__at_0x1300                         0x00001300   Section        0  bootldr.o(.ARM.__at_0x1300)
    .ARM.__at_0x1400                         0x00001400   Section        0  bootldr.o(.ARM.__at_0x1400)
    .ARM.__at_0x1700                         0x00001700   Section        0  i2c_data.o(.ARM.__at_0x1700)
    .ARM.__AT_0x00001FFC                     0x00001ffc   Section        4  config.o(.ARM.__AT_0x00001FFC)
    .ARM.__AT_0x00002000                     0x00002000   Section       20  config.o(.ARM.__AT_0x00002000)
    .ARM.__AT_0x00002020                     0x00002020   Section        4  config.o(.ARM.__AT_0x00002020)
    RW_IRAM1                                 0x00002024   Section        0  main.o(RW_IRAM1)
    i.I2C_SLV_RD_RQST_Callback               0x00002026   Section        0  main.o(i.I2C_SLV_RD_RQST_Callback)
    i.I2C_SLV_WR_DONE_Callback               0x0000202a   Section        0  main.o(i.I2C_SLV_WR_DONE_Callback)
    i.NFC_FIELD_ON_Callback                  0x0000202c   Section        0  main.o(i.NFC_FIELD_ON_Callback)
    i.NFC_TX_Callback                        0x0000202e   Section        0  main.o(i.NFC_TX_Callback)
    .ARM.Collect$$$$00000000                 0x00002030   Section        0  entry.o(.ARM.Collect$$$$00000000)
    .ARM.Collect$$$$00000003                 0x00002030   Section        4  entry4.o(.ARM.Collect$$$$00000003)
    .ARM.Collect$$$$00000004                 0x00002034   Section        4  entry5.o(.ARM.Collect$$$$00000004)
    .ARM.Collect$$$$00000008                 0x00002038   Section        0  entry7b.o(.ARM.Collect$$$$00000008)
    .ARM.Collect$$$$0000000A                 0x00002038   Section        0  entry8b.o(.ARM.Collect$$$$0000000A)
    .ARM.Collect$$$$0000000B                 0x00002038   Section        8  entry9a.o(.ARM.Collect$$$$0000000B)
    .ARM.Collect$$$$0000000D                 0x00002040   Section        0  entry10a.o(.ARM.Collect$$$$0000000D)
    .ARM.Collect$$$$0000000F                 0x00002040   Section        0  entry11a.o(.ARM.Collect$$$$0000000F)
    .ARM.Collect$$$$00002714                 0x00002040   Section        4  entry4.o(.ARM.Collect$$$$00002714)
    __lit__00000000                          0x00002040   Data           4  entry4.o(.ARM.Collect$$$$00002714)
    .emb_text                                0x00002044   Section       54  port.o(.emb_text)
    .text                                    0x0000207a   Section        0  uidiv.o(.text)
    .text                                    0x000020a6   Section        0  memcpya.o(.text)
    .text                                    0x000020ca   Section        0  memseta.o(.text)
    i.GPIO_CLR_PIN                           0x000020f0   Section        0  gpio_ex_func.o(i.GPIO_CLR_PIN)
    .ARM.__at_0x2100                         0x00002100   Section        0  nfc_data.o(.ARM.__at_0x2100)
    i.FLASH_lock                             0x000021dc   Section        0  reg_ex_func.o(i.FLASH_lock)
    i.__scatterload_null                     0x000021f8   Section        2  handlers.o(i.__scatterload_null)
    i.prvTaskExitError                       0x000021fa   Section        0  port.o(i.prvTaskExitError)
    prvTaskExitError                         0x000021fb   Thumb Code     4  port.o(i.prvTaskExitError)
    .ARM.__at_0x2200                         0x00002200   Section        0  nfc_data.o(.ARM.__at_0x2200)
    .text                                    0x0000228c   Section       36  init.o(.text)
    i.GPIO_GET_PIN                           0x000022b0   Section        0  gpio_ex_func.o(i.GPIO_GET_PIN)
    i.GPIO_SET_INPUT_MODE                    0x000022c4   Section        0  gpio_ex_func.o(i.GPIO_SET_INPUT_MODE)
    i.GPIO_SET_OUTPUT_MODE                   0x000022d8   Section        0  gpio_ex_func.o(i.GPIO_SET_OUTPUT_MODE)
    i.GPIO_SET_PIN                           0x000022ec   Section        0  gpio_ex_func.o(i.GPIO_SET_PIN)
    .ARM.__at_0x2300                         0x00002300   Section        0  nfc_data.o(.ARM.__at_0x2300)
    i.HARV_DIS                               0x00002360   Section        0  nfc_data.o(i.HARV_DIS)
    i.EINK_PINMODE_INIT                      0x00002370   Section        0  eink_driver.o(i.EINK_PINMODE_INIT)
    i.vListInitialiseItem                    0x000023ea   Section        0  list.o(i.vListInitialiseItem)
    i.HARV_EN                                0x000023f0   Section        0  nfc_data.o(i.HARV_EN)
    .ARM.__at_0x2400                         0x00002400   Section       68  port.o(.ARM.__at_0x2400)
    i.GuitarBox_Off                          0x00002444   Section        0  eink_driver.o(i.GuitarBox_Off)
    i.GuitarBox_On                           0x00002464   Section        0  eink_driver.o(i.GuitarBox_On)
    i.HARV_go                                0x00002484   Section        0  nfc_data.o(i.HARV_go)
    i.HARV_stop                              0x000024a0   Section        0  nfc_data.o(i.HARV_stop)
    i.prvSetupTimerInterrupt                 0x000024b4   Section        0  port.o(i.prvSetupTimerInterrupt)
    i.NFC_HARVcur_set                        0x000024c0   Section        0  nfc_data.o(i.NFC_HARVcur_set)
    i.__scatterload_copy                     0x000024d4   Section       14  handlers.o(i.__scatterload_copy)
    i.__scatterload_zeroinit                 0x000024e2   Section       14  handlers.o(i.__scatterload_zeroinit)
    i.isNFC_HARV_on                          0x000024f0   Section        0  nfc_data.o(i.isNFC_HARV_on)
    .ARM.__at_0x2500                         0x00002500   Section        0  os_port.o(.ARM.__at_0x2500)
    i.MIC_TEST                               0x00002510   Section        0  eink_driver.o(i.MIC_TEST)
    i.NFC_Passthrough_RX                     0x00002560   Section        0  nfc_ex_func.o(i.NFC_Passthrough_RX)
    i.NFC_RX_Callback                        0x00002588   Section        0  main.o(i.NFC_RX_Callback)
    i.NFC_Passthrough_TX                     0x000025ac   Section        0  nfc_ex_func.o(i.NFC_Passthrough_TX)
    i.vApplicationIdleHook                   0x000025f0   Section        0  sys_serv.o(i.vApplicationIdleHook)
    .ARM.__at_0x2600                         0x00002600   Section        0  sys_serv.o(.ARM.__at_0x2600)
    i.HW_I2C_DATA_Handle                     0x00002604   Section        0  i2c_data.o(i.HW_I2C_DATA_Handle)
    i.OS_Tick_AcknowledgeIRQ                 0x000026cc   Section        0  os_port.o(i.OS_Tick_AcknowledgeIRQ)
    OS_Tick_AcknowledgeIRQ                   0x000026cd   Thumb Code    18  os_port.o(i.OS_Tick_AcknowledgeIRQ)
    i.vApplicationGetIdleTaskMemory          0x000026e8   Section        0  port.o(i.vApplicationGetIdleTaskMemory)
    .ARM.__at_0x2700                         0x00002700   Section        0  sys_serv.o(.ARM.__at_0x2700)
    i.MusicLED_V2                            0x00002704   Section        0  eink_driver.o(i.MusicLED_V2)
    i.__ARM_common_switch8                   0x000027c8   Section        0  eink_driver.o(i.__ARM_common_switch8)
    i.prvIdleTask                            0x000027e4   Section        0  tasks.o(i.prvIdleTask)
    prvIdleTask                              0x000027e5   Thumb Code    22  tasks.o(i.prvIdleTask)
    .ARM.__at_0x2800                         0x00002800   Section        0  i2c_data.o(.ARM.__at_0x2800)
    i.MusicLamp_V2                           0x0000284c   Section        0  eink_driver.o(i.MusicLamp_V2)
    i.NFC_TYPE2_DATA_Handle                  0x00002914   Section        0  nfc_data.o(i.NFC_TYPE2_DATA_Handle)
    i.SPI_48SendData                         0x00002cc8   Section        0  eink_driver.o(i.SPI_48SendData)
    i.__NVIC_SetPriority                     0x00002da0   Section        0  sys_ex_func.o(i.__NVIC_SetPriority)
    __NVIC_SetPriority                       0x00002da1   Thumb Code    60  sys_ex_func.o(i.__NVIC_SetPriority)
    i.init_core_components                   0x00002de4   Section        0  sys_ex_func.o(i.init_core_components)
    i.init_reg                               0x00002e48   Section        0  reg.o(i.init_reg)
    i.main                                   0x00002e78   Section        0  main.o(i.main)
    i.osMain_task                            0x00002efc   Section        0  main.o(i.osMain_task)
    i.osSYSAUX_task                          0x00002f70   Section        0  i2c_ex_func.o(i.osSYSAUX_task)
    i.osSYSCORE_task                         0x00002fc0   Section        0  nfc_ex_func.o(i.osSYSCORE_task)
    i.osTick_Setup                           0x00003048   Section        0  os_port.o(i.osTick_Setup)
    i.prvAddCurrentTaskToDelayedList         0x000030c0   Section        0  tasks.o(i.prvAddCurrentTaskToDelayedList)
    prvAddCurrentTaskToDelayedList           0x000030c1   Thumb Code    80  tasks.o(i.prvAddCurrentTaskToDelayedList)
    i.prvAddNewTaskToReadyList               0x00003118   Section        0  tasks.o(i.prvAddNewTaskToReadyList)
    prvAddNewTaskToReadyList                 0x00003119   Thumb Code   112  tasks.o(i.prvAddNewTaskToReadyList)
    i.prvCheckTasksWaitingTermination        0x00003190   Section        0  tasks.o(i.prvCheckTasksWaitingTermination)
    prvCheckTasksWaitingTermination          0x00003191   Thumb Code    52  tasks.o(i.prvCheckTasksWaitingTermination)
    i.prvDeleteTCB                           0x000031cc   Section        0  tasks.o(i.prvDeleteTCB)
    prvDeleteTCB                             0x000031cd   Thumb Code    38  tasks.o(i.prvDeleteTCB)
    i.prvHeapInit                            0x000031f4   Section        0  heap_4.o(i.prvHeapInit)
    prvHeapInit                              0x000031f5   Thumb Code    66  heap_4.o(i.prvHeapInit)
    i.prvInitialiseNewTask                   0x00003240   Section        0  tasks.o(i.prvInitialiseNewTask)
    prvInitialiseNewTask                     0x00003241   Thumb Code   134  tasks.o(i.prvInitialiseNewTask)
    i.prvInitialiseTaskLists                 0x000032c8   Section        0  tasks.o(i.prvInitialiseTaskLists)
    prvInitialiseTaskLists                   0x000032c9   Thumb Code    74  tasks.o(i.prvInitialiseTaskLists)
    i.prvInsertBlockIntoFreeList             0x00003320   Section        0  heap_4.o(i.prvInsertBlockIntoFreeList)
    prvInsertBlockIntoFreeList               0x00003321   Thumb Code    78  heap_4.o(i.prvInsertBlockIntoFreeList)
    i.prvResetNextTaskUnblockTime            0x00003374   Section        0  tasks.o(i.prvResetNextTaskUnblockTime)
    prvResetNextTaskUnblockTime              0x00003375   Thumb Code    30  tasks.o(i.prvResetNextTaskUnblockTime)
    i.pvPortMalloc                           0x00003398   Section        0  heap_4.o(i.pvPortMalloc)
    i.pxPortInitialiseStack                  0x00003434   Section        0  port.o(i.pxPortInitialiseStack)
    i.tag_mem_setup                          0x00003454   Section        0  sys_serv.o(i.tag_mem_setup)
    i.tick_callback                          0x00003480   Section        0  sys_serv.o(i.tick_callback)
    i.ulTaskNotifyTake                       0x000034e8   Section        0  tasks.o(i.ulTaskNotifyTake)
    i.uxListRemove                           0x00003548   Section        0  list.o(i.uxListRemove)
    i.vListInitialise                        0x0000356e   Section        0  list.o(i.vListInitialise)
    i.vListInsert                            0x00003584   Section        0  list.o(i.vListInsert)
    i.vListInsertEnd                         0x000035b4   Section        0  list.o(i.vListInsertEnd)
    i.vPortEnterCritical                     0x000035cc   Section        0  port.o(i.vPortEnterCritical)
    i.vPortExitCritical                      0x000035e4   Section        0  port.o(i.vPortExitCritical)
    i.vPortFree                              0x000035f8   Section        0  heap_4.o(i.vPortFree)
    i.vPortYield                             0x00003634   Section        0  port.o(i.vPortYield)
    i.vTaskDelay                             0x0000364c   Section        0  tasks.o(i.vTaskDelay)
    i.vTaskNotifyGiveFromISR                 0x00003670   Section        0  tasks.o(i.vTaskNotifyGiveFromISR)
    i.vTaskStartScheduler                    0x000036f0   Section        0  tasks.o(i.vTaskStartScheduler)
    i.vTaskSuspendAll                        0x00003754   Section        0  tasks.o(i.vTaskSuspendAll)
    i.vTaskSwitchContext                     0x00003764   Section        0  tasks.o(i.vTaskSwitchContext)
    i.xPortStartScheduler                    0x000037b4   Section        0  port.o(i.xPortStartScheduler)
    i.xPortSysTickHandler                    0x000037e4   Section        0  port.o(i.xPortSysTickHandler)
    i.xTaskCreate                            0x00003808   Section        0  tasks.o(i.xTaskCreate)
    i.xTaskCreateStatic                      0x00003868   Section        0  tasks.o(i.xTaskCreateStatic)
    i.xTaskIncrementTick                     0x000038a4   Section        0  tasks.o(i.xTaskIncrementTick)
    i.xTaskResumeAll                         0x00003958   Section        0  tasks.o(i.xTaskResumeAll)
    .constdata                               0x000039fc   Section       44  eink_driver.o(.constdata)
    .constdata                               0x00003a28   Section      104  nfc_data.o(.constdata)
    .ARM.__AT_0x00003FFC                     0x00003ffc   Section        4  config.o(.ARM.__AT_0x00003FFC)
    .ARM.__AT_0x00005FFC                     0x00005ffc   Section        4  config.o(.ARM.__AT_0x00005FFC)
    .ARM.__AT_0x00007FD0                     0x00007fd0   Section       20  config.o(.ARM.__AT_0x00007FD0)
    .ARM.__AT_0x00007FFC                     0x00007ffc   Section        4  config.o(.ARM.__AT_0x00007FFC)
    STACK                                    0x20000000   Section      512  startup_armcm0.o(STACK)
    NoInit                                   0x20000200   Section      256  main.o(NoInit)
    NoInit                                   0x20000300   Section      340  tasks.o(NoInit)
    pxReadyTasksLists                        0x20000300   Data         240  tasks.o(NoInit)
    xDelayedTaskList1                        0x200003f0   Data          20  tasks.o(NoInit)
    xDelayedTaskList2                        0x20000404   Data          20  tasks.o(NoInit)
    xPendingReadyList                        0x20000418   Data          20  tasks.o(NoInit)
    xTasksWaitingTermination                 0x2000042c   Data          20  tasks.o(NoInit)
    xSuspendedTaskList                       0x20000440   Data          20  tasks.o(NoInit)
    NoInit                                   0x20000454   Section     1000  port.o(NoInit)
    Idle_TCB                                 0x20000454   Data          84  port.o(NoInit)
    Idle_Stack                               0x200004a8   Data         512  port.o(NoInit)
    Timer_TCB                                0x200006a8   Data          84  port.o(NoInit)
    Timer_Stack                              0x200006fc   Data         320  port.o(NoInit)
    .ARM.__AT_0x20000FD0                     0x20000fd0   Section        1  bootldr.o(.ARM.__AT_0x20000FD0)
    .ARM.__AT_0x20000FD4                     0x20000fd4   Section        1  nfc_data.o(.ARM.__AT_0x20000FD4)
    .ARM.__AT_0x20000FD8                     0x20000fd8   Section        4  bootldr.o(.ARM.__AT_0x20000FD8)
    .ARM.__AT_0x20000FDC                     0x20000fdc   Section        1  bootldr.o(.ARM.__AT_0x20000FDC)
    RW_IRAM1                                 0x20001000   Section        0  nfc_data.o(RW_IRAM1)
    .data                                    0x20001064   Section       16  main.o(.data)
    .data                                    0x20001074   Section       60  tasks.o(.data)
    uxDeletedTasksWaitingCleanUp             0x20001078   Data           4  tasks.o(.data)
    uxCurrentNumberOfTasks                   0x2000107c   Data           4  tasks.o(.data)
    xTickCount                               0x20001080   Data           4  tasks.o(.data)
    uxTopReadyPriority                       0x20001084   Data           4  tasks.o(.data)
    xSchedulerRunning                        0x20001088   Data           4  tasks.o(.data)
    uxPendedTicks                            0x2000108c   Data           4  tasks.o(.data)
    xYieldPending                            0x20001090   Data           4  tasks.o(.data)
    xNumOfOverflows                          0x20001094   Data           4  tasks.o(.data)
    uxTaskNumber                             0x20001098   Data           4  tasks.o(.data)
    xNextTaskUnblockTime                     0x2000109c   Data           4  tasks.o(.data)
    xIdleTaskHandle                          0x200010a0   Data           4  tasks.o(.data)
    uxSchedulerSuspended                     0x200010a4   Data           4  tasks.o(.data)
    pxDelayedTaskList                        0x200010a8   Data           4  tasks.o(.data)
    pxOverflowDelayedTaskList                0x200010ac   Data           4  tasks.o(.data)
    .data                                    0x200010b0   Section       24  heap_4.o(.data)
    pxEnd                                    0x200010b0   Data           4  heap_4.o(.data)
    xFreeBytesRemaining                      0x200010b4   Data           4  heap_4.o(.data)
    xMinimumEverFreeBytesRemaining           0x200010b8   Data           4  heap_4.o(.data)
    xBlockAllocatedBit                       0x200010bc   Data           4  heap_4.o(.data)
    xStart                                   0x200010c0   Data           8  heap_4.o(.data)
    .data                                    0x200010c8   Section        4  port.o(.data)
    uxCriticalNesting                        0x200010c8   Data           4  port.o(.data)
    .data                                    0x200010cc   Section        4  config.o(.data)
    .data                                    0x200010d0   Section        1  nfc_ex_func.o(.data)
    .data                                    0x200010d1   Section        1  i2c_ex_func.o(.data)
    .data                                    0x200010d2   Section        1  sys_serv.o(.data)
    .data                                    0x200010d4   Section        4  sys_ex_func.o(.data)
    .data                                    0x200010d8   Section        1  sys_ex_func.o(.data)
    .data                                    0x200010dc   Section       16  nfc_data.o(.data)
    .data                                    0x200010ec   Section        1  nfc_data.o(.data)
    .data                                    0x200010f0   Section        4  reg.o(.data)
    ER_IROM1                                 0x200010f4   Section        4  config.o(ER_IROM1)
    .bss                                     0x200010f8   Section     2048  main.o(.bss)
    .bss                                     0x200018f8   Section      116  i2c_data.o(.bss)
    .ARM.__AT_0x60000780                     0x60000780   Section       32  config.o(.ARM.__AT_0x60000780)

    Global Symbols

    Symbol Name                              Value     Ov Type        Size  Object(Section)

    BuildAttributes$$THM_ISAv3M$S$PE$A:L22$X:L11$S22$IEEE1$IW$USESV6$~STKCKD$USESV7$~SHL$OTIME$EBA8$MICROLIB$REQ8$PRES8$EABIv2 0x00000000   Number         0  anon$$obj.o ABSOLUTE
    __ARM_use_no_argv                        0x00000000   Number         0  main.o ABSOLUTE
    __Vectors                                0x00000000   Data           4  startup_armcm0.o(RESET)
    __cpp_initialize__aeabi_                  - Undefined Weak Reference
    __cxa_finalize                            - Undefined Weak Reference
    __decompress                              - Undefined Weak Reference
    _clock_init                               - Undefined Weak Reference
    _microlib_exit                            - Undefined Weak Reference
    Reset_Handler                            0x000000c1   Thumb Code    10  startup_armcm0.o(.text)
    __Vectors_End                            0x000000c0   Data           0  startup_armcm0.o(RESET)
    __Vectors_Size                           0x000000c0   Number         0  startup_armcm0.o ABSOLUTE
    NMI_Handler                              0x000000cb   Thumb Code     2  startup_armcm0.o(.text)
    HardFault_Handler                        0x000000cd   Thumb Code     2  startup_armcm0.o(.text)
    SVC_Handler                              0x000000cf   Thumb Code     2  startup_armcm0.o(.text)
    SysTick_Handler                          0x000000d3   Thumb Code     2  startup_armcm0.o(.text)
    OTA_opt                                  0x000000e1   Thumb Code   146  bootldr.o(BLDR)
    memcpy_BLDR                              0x00000173   Thumb Code    40  bootldr.o(BLDR)
    memset_BLDR                              0x0000019b   Thumb Code    38  bootldr.o(BLDR)
    NFC_BLDR_Handle                          0x000001c1   Thumb Code  1028  bootldr.o(BLDR)
    NFCRX_IRQ_BLDR                           0x000005c5   Thumb Code    32  bootldr.o(BLDR)
    NFCTX_IRQ_BLDR                           0x000005e5   Thumb Code    34  bootldr.o(BLDR)
    NFCFIELD_IRQ_BLDR                        0x00000607   Thumb Code    64  bootldr.o(BLDR)
    HW_I2C_BLDR_Handle                       0x00000647   Thumb Code   406  bootldr.o(BLDR)
    I2C_IRQ_BLDR                             0x000007dd   Thumb Code    26  bootldr.o(BLDR)
    bldr_tag_state_machine_mtx               0x00000828   Data         104  bootldr.o(BLDR)
    bldr_reg                                 0x00000890   Data          16  bootldr.o(BLDR)
    bldr_tag                                 0x000008a0   Data          64  bootldr.o(BLDR)
    osNFCTX_IRQ                              0x00001001   Thumb Code    22  nfc_data.o(.ARM.__at_0x1000)
    osNFCFIELD_IRQ                           0x00001101   Thumb Code    22  nfc_data.o(.ARM.__at_0x1100)
    osNFCRX_IRQ                              0x00001201   Thumb Code    22  nfc_data.o(.ARM.__at_0x1200)
    bootldr                                  0x00001301   Thumb Code    86  bootldr.o(.ARM.__at_0x1300)
    enter_OTA                                0x00001401   Thumb Code   158  bootldr.o(.ARM.__at_0x1400)
    osI2C_IRQ                                0x00001701   Thumb Code    22  i2c_data.o(.ARM.__at_0x1700)
    rdp_word0                                0x00001ffc   Data           4  config.o(.ARM.__AT_0x00001FFC)
    FW_VER_0                                 0x00002000   Data          20  config.o(.ARM.__AT_0x00002000)
    Long Thumb to Thumb Veneer to bleed_to_die 0x00002015   Thumb Code    12  anon$$obj.o(Veneer$$Code)
    app_addr                                 0x00002020   Data           4  config.o(.ARM.__AT_0x00002020)
    NFC_FIELD_OFF_Callback                   0x00002025   Thumb Code     2  main.o(RW_IRAM1)
    I2C_SLV_RD_RQST_Callback                 0x00002027   Thumb Code     4  main.o(i.I2C_SLV_RD_RQST_Callback)
    I2C_SLV_WR_DONE_Callback                 0x0000202b   Thumb Code     2  main.o(i.I2C_SLV_WR_DONE_Callback)
    NFC_FIELD_ON_Callback                    0x0000202d   Thumb Code     2  main.o(i.NFC_FIELD_ON_Callback)
    NFC_TX_Callback                          0x0000202f   Thumb Code     2  main.o(i.NFC_TX_Callback)
    __main                                   0x00002031   Thumb Code     0  entry.o(.ARM.Collect$$$$00000000)
    _main_stk                                0x00002031   Thumb Code     0  entry4.o(.ARM.Collect$$$$00000003)
    _main_scatterload                        0x00002035   Thumb Code     0  entry5.o(.ARM.Collect$$$$00000004)
    __main_after_scatterload                 0x00002039   Thumb Code     0  entry5.o(.ARM.Collect$$$$00000004)
    _main_clock                              0x00002039   Thumb Code     0  entry7b.o(.ARM.Collect$$$$00000008)
    _main_cpp_init                           0x00002039   Thumb Code     0  entry8b.o(.ARM.Collect$$$$0000000A)
    _main_init                               0x00002039   Thumb Code     0  entry9a.o(.ARM.Collect$$$$0000000B)
    __rt_final_cpp                           0x00002041   Thumb Code     0  entry10a.o(.ARM.Collect$$$$0000000D)
    __rt_final_exit                          0x00002041   Thumb Code     0  entry11a.o(.ARM.Collect$$$$0000000F)
    __asm___6_port_c_39a90d8d__prvPortStartFirstTask 0x00002045   Thumb Code    36  port.o(.emb_text)
    ulSetInterruptMaskFromISR                0x0000206d   Thumb Code     8  port.o(.emb_text)
    vClearInterruptMaskFromISR               0x00002075   Thumb Code     6  port.o(.emb_text)
    __aeabi_uidiv                            0x0000207b   Thumb Code     0  uidiv.o(.text)
    __aeabi_uidivmod                         0x0000207b   Thumb Code    44  uidiv.o(.text)
    __aeabi_memcpy                           0x000020a7   Thumb Code    36  memcpya.o(.text)
    __aeabi_memcpy4                          0x000020a7   Thumb Code     0  memcpya.o(.text)
    __aeabi_memcpy8                          0x000020a7   Thumb Code     0  memcpya.o(.text)
    __aeabi_memset                           0x000020cb   Thumb Code    14  memseta.o(.text)
    __aeabi_memset4                          0x000020cb   Thumb Code     0  memseta.o(.text)
    __aeabi_memset8                          0x000020cb   Thumb Code     0  memseta.o(.text)
    __aeabi_memclr                           0x000020d9   Thumb Code     4  memseta.o(.text)
    __aeabi_memclr4                          0x000020d9   Thumb Code     0  memseta.o(.text)
    __aeabi_memclr8                          0x000020d9   Thumb Code     0  memseta.o(.text)
    _memset$wrapper                          0x000020dd   Thumb Code    18  memseta.o(.text)
    GPIO_CLR_PIN                             0x000020f1   Thumb Code    10  gpio_ex_func.o(i.GPIO_CLR_PIN)
    NFCTX_IRQ_APP                            0x00002101   Thumb Code   192  nfc_data.o(.ARM.__at_0x2100)
    FLASH_lock                               0x000021dd   Thumb Code    18  reg_ex_func.o(i.FLASH_lock)
    __scatterload_null                       0x000021f9   Thumb Code     2  handlers.o(i.__scatterload_null)
    NFCFIELD_IRQ_APP                         0x00002201   Thumb Code   110  nfc_data.o(.ARM.__at_0x2200)
    __scatterload                            0x0000228d   Thumb Code    28  init.o(.text)
    __scatterload_rt2                        0x0000228d   Thumb Code     0  init.o(.text)
    GPIO_GET_PIN                             0x000022b1   Thumb Code    16  gpio_ex_func.o(i.GPIO_GET_PIN)
    GPIO_SET_INPUT_MODE                      0x000022c5   Thumb Code    16  gpio_ex_func.o(i.GPIO_SET_INPUT_MODE)
    GPIO_SET_OUTPUT_MODE                     0x000022d9   Thumb Code    16  gpio_ex_func.o(i.GPIO_SET_OUTPUT_MODE)
    GPIO_SET_PIN                             0x000022ed   Thumb Code    10  gpio_ex_func.o(i.GPIO_SET_PIN)
    NFCRX_IRQ_APP                            0x00002301   Thumb Code    74  nfc_data.o(.ARM.__at_0x2300)
    HARV_DIS                                 0x00002361   Thumb Code    12  nfc_data.o(i.HARV_DIS)
    EINK_PINMODE_INIT                        0x00002371   Thumb Code   122  eink_driver.o(i.EINK_PINMODE_INIT)
    vListInitialiseItem                      0x000023eb   Thumb Code     6  list.o(i.vListInitialiseItem)
    HARV_EN                                  0x000023f1   Thumb Code    12  nfc_data.o(i.HARV_EN)
    PendSV_Handler                           0x00002401   Thumb Code    64  port.o(.ARM.__at_0x2400)
    GuitarBox_Off                            0x00002445   Thumb Code    32  eink_driver.o(i.GuitarBox_Off)
    GuitarBox_On                             0x00002465   Thumb Code    32  eink_driver.o(i.GuitarBox_On)
    HARV_go                                  0x00002485   Thumb Code    22  nfc_data.o(i.HARV_go)
    HARV_stop                                0x000024a1   Thumb Code    14  nfc_data.o(i.HARV_stop)
    prvSetupTimerInterrupt                   0x000024b5   Thumb Code    12  port.o(i.prvSetupTimerInterrupt)
    NFC_HARVcur_set                          0x000024c1   Thumb Code    14  nfc_data.o(i.NFC_HARVcur_set)
    __scatterload_copy                       0x000024d5   Thumb Code    14  handlers.o(i.__scatterload_copy)
    __scatterload_zeroinit                   0x000024e3   Thumb Code    14  handlers.o(i.__scatterload_zeroinit)
    isNFC_HARV_on                            0x000024f1   Thumb Code    10  nfc_data.o(i.isNFC_HARV_on)
    osTIM32_IRQ                              0x00002501   Thumb Code    16  os_port.o(.ARM.__at_0x2500)
    MIC_TEST                                 0x00002511   Thumb Code    74  eink_driver.o(i.MIC_TEST)
    NFC_Passthrough_RX                       0x00002561   Thumb Code    32  nfc_ex_func.o(i.NFC_Passthrough_RX)
    NFC_RX_Callback                          0x00002589   Thumb Code    30  main.o(i.NFC_RX_Callback)
    NFC_Passthrough_TX                       0x000025ad   Thumb Code    58  nfc_ex_func.o(i.NFC_Passthrough_TX)
    vApplicationIdleHook                     0x000025f1   Thumb Code    12  sys_serv.o(i.vApplicationIdleHook)
    UART_IRQ                                 0x00002601   Thumb Code     2  sys_serv.o(.ARM.__at_0x2600)
    HW_I2C_DATA_Handle                       0x00002605   Thumb Code   188  i2c_data.o(i.HW_I2C_DATA_Handle)
    vApplicationGetIdleTaskMemory            0x000026e9   Thumb Code    16  port.o(i.vApplicationGetIdleTaskMemory)
    SPI_IRQ                                  0x00002701   Thumb Code     2  sys_serv.o(.ARM.__at_0x2700)
    MusicLED_V2                              0x00002705   Thumb Code   166  eink_driver.o(i.MusicLED_V2)
    __ARM_common_switch8                     0x000027c9   Thumb Code    26  eink_driver.o(i.__ARM_common_switch8)
    I2C_IRQ_APP                              0x00002801   Thumb Code    58  i2c_data.o(.ARM.__at_0x2800)
    MusicLamp_V2                             0x0000284d   Thumb Code   186  eink_driver.o(i.MusicLamp_V2)
    NFC_TYPE2_DATA_Handle                    0x00002915   Thumb Code   924  nfc_data.o(i.NFC_TYPE2_DATA_Handle)
    SPI_48SendData                           0x00002cc9   Thumb Code   214  eink_driver.o(i.SPI_48SendData)
    init_core_components                     0x00002de5   Thumb Code    84  sys_ex_func.o(i.init_core_components)
    init_reg                                 0x00002e49   Thumb Code    36  reg.o(i.init_reg)
    main                                     0x00002e79   Thumb Code    86  main.o(i.main)
    osMain_task                              0x00002efd   Thumb Code   110  main.o(i.osMain_task)
    osSYSAUX_task                            0x00002f71   Thumb Code    66  i2c_ex_func.o(i.osSYSAUX_task)
    osSYSCORE_task                           0x00002fc1   Thumb Code   118  nfc_ex_func.o(i.osSYSCORE_task)
    osTick_Setup                             0x00003049   Thumb Code   102  os_port.o(i.osTick_Setup)
    pvPortMalloc                             0x00003399   Thumb Code   150  heap_4.o(i.pvPortMalloc)
    pxPortInitialiseStack                    0x00003435   Thumb Code    26  port.o(i.pxPortInitialiseStack)
    tag_mem_setup                            0x00003455   Thumb Code    28  sys_serv.o(i.tag_mem_setup)
    tick_callback                            0x00003481   Thumb Code    94  sys_serv.o(i.tick_callback)
    ulTaskNotifyTake                         0x000034e9   Thumb Code    90  tasks.o(i.ulTaskNotifyTake)
    uxListRemove                             0x00003549   Thumb Code    38  list.o(i.uxListRemove)
    vListInitialise                          0x0000356f   Thumb Code    22  list.o(i.vListInitialise)
    vListInsert                              0x00003585   Thumb Code    48  list.o(i.vListInsert)
    vListInsertEnd                           0x000035b5   Thumb Code    24  list.o(i.vListInsertEnd)
    vPortEnterCritical                       0x000035cd   Thumb Code    20  port.o(i.vPortEnterCritical)
    vPortExitCritical                        0x000035e5   Thumb Code    16  port.o(i.vPortExitCritical)
    vPortFree                                0x000035f9   Thumb Code    54  heap_4.o(i.vPortFree)
    vPortYield                               0x00003635   Thumb Code    18  port.o(i.vPortYield)
    vTaskDelay                               0x0000364d   Thumb Code    36  tasks.o(i.vTaskDelay)
    vTaskNotifyGiveFromISR                   0x00003671   Thumb Code   114  tasks.o(i.vTaskNotifyGiveFromISR)
    vTaskStartScheduler                      0x000036f1   Thumb Code    82  tasks.o(i.vTaskStartScheduler)
    vTaskSuspendAll                          0x00003755   Thumb Code    10  tasks.o(i.vTaskSuspendAll)
    vTaskSwitchContext                       0x00003765   Thumb Code    72  tasks.o(i.vTaskSwitchContext)
    xPortStartScheduler                      0x000037b5   Thumb Code    40  port.o(i.xPortStartScheduler)
    xPortSysTickHandler                      0x000037e5   Thumb Code    32  port.o(i.xPortSysTickHandler)
    xTaskCreate                              0x00003809   Thumb Code    96  tasks.o(i.xTaskCreate)
    xTaskCreateStatic                        0x00003869   Thumb Code    60  tasks.o(i.xTaskCreateStatic)
    xTaskIncrementTick                       0x000038a5   Thumb Code   172  tasks.o(i.xTaskIncrementTick)
    xTaskResumeAll                           0x00003959   Thumb Code   150  tasks.o(i.xTaskResumeAll)
    RGBLED_UPDATA                            0x000039fc   Data          44  eink_driver.o(.constdata)
    mf_ul_tag_state_machine_mtx              0x00003a28   Data         104  nfc_data.o(.constdata)
    Region$$Table$$Base                      0x00003a90   Number         0  anon$$obj.o(Region$$Table)
    Region$$Table$$Limit                     0x00003ac0   Number         0  anon$$obj.o(Region$$Table)
    rdp_word1                                0x00003ffc   Data           4  config.o(.ARM.__AT_0x00003FFC)
    rdp_word2                                0x00005ffc   Data           4  config.o(.ARM.__AT_0x00005FFC)
    FW_VER_1                                 0x00007fd0   Data          20  config.o(.ARM.__AT_0x00007FD0)
    rdp_word3                                0x00007ffc   Data           4  config.o(.ARM.__AT_0x00007FFC)
    Image$$ARM_LIB_STACK$$ZI$$Limit          0x20000200   Number         0  anon$$obj.o ABSOLUTE
    __initial_sp                             0x20000200   Data           0  startup_armcm0.o(STACK)
    nfc_rx_buf                               0x20000200   Data         128  main.o(NoInit)
    nfc_tx_buf                               0x20000280   Data         128  main.o(NoInit)
    enter_bldr                               0x20000fd0   Data           1  bootldr.o(.ARM.__AT_0x20000FD0)
    nfc_a_tag_state                          0x20000fd4   Data           1  nfc_data.o(.ARM.__AT_0x20000FD4)
    ota_data                                 0x20000fd8   Data           4  bootldr.o(.ARM.__AT_0x20000FD8)
    FLASH_stat                               0x20000fdc   Data           1  bootldr.o(.ARM.__AT_0x20000FDC)
    bleed_to_die                             0x20001001   Thumb Code    64  nfc_data.o(RW_IRAM1)
    Long Thumb to Thumb Veneer to GPIO_SET_OUTPUT_MODE 0x2000104d   Thumb Code    12  anon$$obj.o(Veneer$$Code)
    Long Thumb to Thumb Veneer to GPIO_CLR_PIN 0x20001059   Thumb Code    12  anon$$obj.o(Veneer$$Code)
    state                                    0x20001064   Data           1  main.o(.data)
    SYSCORE_id                               0x20001068   Data           4  main.o(.data)
    SYSAUX_id                                0x2000106c   Data           4  main.o(.data)
    Main_id                                  0x20001070   Data           4  main.o(.data)
    pxCurrentTCB                             0x20001074   Data           4  tasks.o(.data)
    SystemCoreClock                          0x200010cc   Data           4  config.o(.data)
    SYSCORE_EVT                              0x200010d0   Data           1  nfc_ex_func.o(.data)
    SYSAUX_EVT                               0x200010d1   Data           1  i2c_ex_func.o(.data)
    HARV_STAT                                0x200010d2   Data           1  sys_serv.o(.data)
    sysinfo                                  0x200010d4   Data           4  sys_ex_func.o(.data)
    freq_init                                0x200010d8   Data           1  sys_ex_func.o(.data)
    SectorNo                                 0x200010dc   Data           1  nfc_data.o(.data)
    Sector_select                            0x200010dd   Data           1  nfc_data.o(.data)
    nfc_ram                                  0x200010e0   Data           4  nfc_data.o(.data)
    nfc_mem                                  0x200010e4   Data           4  nfc_data.o(.data)
    nfc_mem_32                               0x200010e8   Data           4  nfc_data.o(.data)
    NFC_HARV_on                              0x200010ec   Data           1  nfc_data.o(.data)
    reg_eeprom                               0x200010f0   Data           4  reg.o(.data)
    tag_in_ram                               0x200010f4   Data           4  config.o(ER_IROM1)
    ucHeap                                   0x200010f8   Data        2048  main.o(.bss)
    i2c_rtx                                  0x200018f8   Data          16  i2c_data.o(.bss)
    i2c_df_buf                               0x20001908   Data         100  i2c_data.o(.bss)
    def_tag                                  0x60000780   Data          32  config.o(.ARM.__AT_0x60000780)



==============================================================================

Memory Map of the image

  Image Entry point : 0x00002031

  Load Region LR_IROM1 (Base: 0x00000000, Size: 0x000060f8, Max: 0x00008000, ABSOLUTE)

    Execution Region BLDR (Exec base: 0x00000000, Load base: 0x00000000, Size: 0x00002000, Max: 0x00002000, ABSOLUTE)

    Exec Addr    Load Addr    Size         Type   Attr      Idx    E Section Name        Object

    0x00000000   0x00000000   0x000000c0   Data   RO         1177    RESET               startup_armcm0.o
    0x000000c0   0x000000c0   0x00000020   Code   RO         1178    .text               startup_armcm0.o
    0x000000e0   0x000000e0   0x00000748   Code   RO         1599    BLDR                TN2115s.lib(bootldr.o)
    0x00000828   0x00000828   0x000000b8   Data   RO         1603    BLDR                TN2115s.lib(bootldr.o)
    0x000008e0   0x000008e0   0x00000720   PAD
    0x00001000   0x00001000   0x0000001c   Code   RO         1643    .ARM.__at_0x1000    TN2115s.lib(nfc_data.o)
    0x0000101c   0x0000101c   0x000000e4   PAD
    0x00001100   0x00001100   0x0000001c   Code   RO         1644    .ARM.__at_0x1100    TN2115s.lib(nfc_data.o)
    0x0000111c   0x0000111c   0x000000e4   PAD
    0x00001200   0x00001200   0x0000001c   Code   RO         1645    .ARM.__at_0x1200    TN2115s.lib(nfc_data.o)
    0x0000121c   0x0000121c   0x000000e4   PAD
    0x00001300   0x00001300   0x00000070   Code   RO         1597    .ARM.__at_0x1300    TN2115s.lib(bootldr.o)
    0x00001370   0x00001370   0x00000090   PAD
    0x00001400   0x00001400   0x000000c4   Code   RO         1598    .ARM.__at_0x1400    TN2115s.lib(bootldr.o)
    0x000014c4   0x000014c4   0x0000023c   PAD
    0x00001700   0x00001700   0x0000001c   Code   RO         1758    .ARM.__at_0x1700    TN2115s.lib(i2c_data.o)
    0x0000171c   0x0000171c   0x000008e0   PAD
    0x00001ffc   0x00001ffc   0x00000004   Data   RO         1142    .ARM.__AT_0x00001FFC  config.o


    Execution Region ER_IROM1 (Exec base: 0x00002000, Load base: 0x00002000, Size: 0x00004000, Max: 0x00005fd0, ABSOLUTE, FIXED)

    Exec Addr    Load Addr    Size         Type   Attr      Idx    E Section Name        Object

    0x00002000   0x00002000   0x00000014   Data   RO         1143    .ARM.__AT_0x00002000  config.o
    0x00002014   0x00002014   0x0000000c   Ven    RO         1897    Veneer$$Code        anon$$obj.o
    0x00002020   0x00002020   0x00000004   Data   RO         1144    .ARM.__AT_0x00002020  config.o
    0x00002024   0x00002024   0x00000002   Code   RO            3    RW_IRAM1            main.o
    0x00002026   0x00002026   0x00000004   Code   RO            5    i.I2C_SLV_RD_RQST_Callback  main.o
    0x0000202a   0x0000202a   0x00000002   Code   RO            6    i.I2C_SLV_WR_DONE_Callback  main.o
    0x0000202c   0x0000202c   0x00000002   Code   RO            7    i.NFC_FIELD_ON_Callback  main.o
    0x0000202e   0x0000202e   0x00000002   Code   RO            9    i.NFC_TX_Callback   main.o
    0x00002030   0x00002030   0x00000000   Code   RO         1862  * .ARM.Collect$$$$00000000  mc_p.l(entry.o)
    0x00002030   0x00002030   0x00000004   Code   RO         1873    .ARM.Collect$$$$00000003  mc_p.l(entry4.o)
    0x00002034   0x00002034   0x00000004   Code   RO         1876    .ARM.Collect$$$$00000004  mc_p.l(entry5.o)
    0x00002038   0x00002038   0x00000000   Code   RO         1878    .ARM.Collect$$$$00000008  mc_p.l(entry7b.o)
    0x00002038   0x00002038   0x00000000   Code   RO         1880    .ARM.Collect$$$$0000000A  mc_p.l(entry8b.o)
    0x00002038   0x00002038   0x00000008   Code   RO         1881    .ARM.Collect$$$$0000000B  mc_p.l(entry9a.o)
    0x00002040   0x00002040   0x00000000   Code   RO         1883    .ARM.Collect$$$$0000000D  mc_p.l(entry10a.o)
    0x00002040   0x00002040   0x00000000   Code   RO         1885    .ARM.Collect$$$$0000000F  mc_p.l(entry11a.o)
    0x00002040   0x00002040   0x00000004   Code   RO         1874    .ARM.Collect$$$$00002714  mc_p.l(entry4.o)
    0x00002044   0x00002044   0x00000036   Code   RO          958    .emb_text           port.o
    0x0000207a   0x0000207a   0x0000002c   Code   RO         1865    .text               mc_p.l(uidiv.o)
    0x000020a6   0x000020a6   0x00000024   Code   RO         1867    .text               mc_p.l(memcpya.o)
    0x000020ca   0x000020ca   0x00000024   Code   RO         1869    .text               mc_p.l(memseta.o)
    0x000020ee   0x000020ee   0x00000002   PAD
    0x000020f0   0x000020f0   0x00000010   Code   RO         1515    i.GPIO_CLR_PIN      TN2115s.lib(gpio_ex_func.o)
    0x00002100   0x00002100   0x000000dc   Code   RO         1646    .ARM.__at_0x2100    TN2115s.lib(nfc_data.o)
    0x000021dc   0x000021dc   0x0000001c   Code   RO         1832    i.FLASH_lock        TN2115s.lib(reg_ex_func.o)
    0x000021f8   0x000021f8   0x00000002   Code   RO         1892    i.__scatterload_null  mc_p.l(handlers.o)
    0x000021fa   0x000021fa   0x00000004   Code   RO          961    i.prvTaskExitError  port.o
    0x000021fe   0x000021fe   0x00000002   PAD
    0x00002200   0x00002200   0x0000008c   Code   RO         1647    .ARM.__at_0x2200    TN2115s.lib(nfc_data.o)
    0x0000228c   0x0000228c   0x00000024   Code   RO         1887    .text               mc_p.l(init.o)
    0x000022b0   0x000022b0   0x00000014   Code   RO         1516    i.GPIO_GET_PIN      TN2115s.lib(gpio_ex_func.o)
    0x000022c4   0x000022c4   0x00000014   Code   RO         1518    i.GPIO_SET_INPUT_MODE  TN2115s.lib(gpio_ex_func.o)
    0x000022d8   0x000022d8   0x00000014   Code   RO         1519    i.GPIO_SET_OUTPUT_MODE  TN2115s.lib(gpio_ex_func.o)
    0x000022ec   0x000022ec   0x00000010   Code   RO         1520    i.GPIO_SET_PIN      TN2115s.lib(gpio_ex_func.o)
    0x000022fc   0x000022fc   0x00000004   PAD
    0x00002300   0x00002300   0x00000060   Code   RO         1648    .ARM.__at_0x2300    TN2115s.lib(nfc_data.o)
    0x00002360   0x00002360   0x00000010   Code   RO         1650    i.HARV_DIS          TN2115s.lib(nfc_data.o)
    0x00002370   0x00002370   0x0000007a   Code   RO          163    i.EINK_PINMODE_INIT  eink_driver.o
    0x000023ea   0x000023ea   0x00000006   Code   RO          270    i.vListInitialiseItem  list.o
    0x000023f0   0x000023f0   0x00000010   Code   RO         1651    i.HARV_EN           TN2115s.lib(nfc_data.o)
    0x00002400   0x00002400   0x00000044   Code   RO          959    .ARM.__at_0x2400    port.o
    0x00002444   0x00002444   0x00000020   Code   RO          164    i.GuitarBox_Off     eink_driver.o
    0x00002464   0x00002464   0x00000020   Code   RO          165    i.GuitarBox_On      eink_driver.o
    0x00002484   0x00002484   0x0000001c   Code   RO         1652    i.HARV_go           TN2115s.lib(nfc_data.o)
    0x000024a0   0x000024a0   0x00000014   Code   RO         1653    i.HARV_stop         TN2115s.lib(nfc_data.o)
    0x000024b4   0x000024b4   0x0000000c   Code   RO          960    i.prvSetupTimerInterrupt  port.o
    0x000024c0   0x000024c0   0x00000014   Code   RO         1654    i.NFC_HARVcur_set   TN2115s.lib(nfc_data.o)
    0x000024d4   0x000024d4   0x0000000e   Code   RO         1891    i.__scatterload_copy  mc_p.l(handlers.o)
    0x000024e2   0x000024e2   0x0000000e   Code   RO         1893    i.__scatterload_zeroinit  mc_p.l(handlers.o)
    0x000024f0   0x000024f0   0x00000010   Code   RO         1656    i.isNFC_HARV_on     TN2115s.lib(nfc_data.o)
    0x00002500   0x00002500   0x00000010   Code   RO         1381    .ARM.__at_0x2500    TN2115s.lib(os_port.o)
    0x00002510   0x00002510   0x00000050   Code   RO          168    i.MIC_TEST          eink_driver.o
    0x00002560   0x00002560   0x00000028   Code   RO         1188    i.NFC_Passthrough_RX  TN2115s.lib(nfc_ex_func.o)
    0x00002588   0x00002588   0x00000024   Code   RO            8    i.NFC_RX_Callback   main.o
    0x000025ac   0x000025ac   0x00000044   Code   RO         1189    i.NFC_Passthrough_TX  TN2115s.lib(nfc_ex_func.o)
    0x000025f0   0x000025f0   0x0000000c   Code   RO         1420    i.vApplicationIdleHook  TN2115s.lib(sys_serv.o)
    0x000025fc   0x000025fc   0x00000004   PAD
    0x00002600   0x00002600   0x00000002   Code   RO         1416    .ARM.__at_0x2600    TN2115s.lib(sys_serv.o)
    0x00002602   0x00002602   0x00000002   PAD
    0x00002604   0x00002604   0x000000c8   Code   RO         1760    i.HW_I2C_DATA_Handle  TN2115s.lib(i2c_data.o)
    0x000026cc   0x000026cc   0x0000001c   Code   RO         1382    i.OS_Tick_AcknowledgeIRQ  TN2115s.lib(os_port.o)
    0x000026e8   0x000026e8   0x00000014   Code   RO          963    i.vApplicationGetIdleTaskMemory  port.o
    0x000026fc   0x000026fc   0x00000004   PAD
    0x00002700   0x00002700   0x00000002   Code   RO         1417    .ARM.__at_0x2700    TN2115s.lib(sys_serv.o)
    0x00002702   0x00002702   0x00000002   PAD
    0x00002704   0x00002704   0x000000c4   Code   RO          169    i.MusicLED_V2       eink_driver.o
    0x000027c8   0x000027c8   0x0000001a   Code   RO          247    i.__ARM_common_switch8  eink_driver.o
    0x000027e2   0x000027e2   0x00000002   PAD
    0x000027e4   0x000027e4   0x0000001c   Code   RO          517    i.prvIdleTask       tasks.o
    0x00002800   0x00002800   0x0000004c   Code   RO         1759    .ARM.__at_0x2800    TN2115s.lib(i2c_data.o)
    0x0000284c   0x0000284c   0x000000c8   Code   RO          170    i.MusicLamp_V2      eink_driver.o
    0x00002914   0x00002914   0x000003b4   Code   RO         1655    i.NFC_TYPE2_DATA_Handle  TN2115s.lib(nfc_data.o)
    0x00002cc8   0x00002cc8   0x000000d6   Code   RO          173    i.SPI_48SendData    eink_driver.o
    0x00002d9e   0x00002d9e   0x00000002   PAD
    0x00002da0   0x00002da0   0x00000044   Code   RO         1471    i.__NVIC_SetPriority  TN2115s.lib(sys_ex_func.o)
    0x00002de4   0x00002de4   0x00000064   Code   RO         1472    i.init_core_components  TN2115s.lib(sys_ex_func.o)
    0x00002e48   0x00002e48   0x00000030   Code   RO         1808    i.init_reg          TN2115s.lib(reg.o)
    0x00002e78   0x00002e78   0x00000084   Code   RO           10    i.main              main.o
    0x00002efc   0x00002efc   0x00000074   Code   RO           11    i.osMain_task       main.o
    0x00002f70   0x00002f70   0x00000050   Code   RO         1331    i.osSYSAUX_task     TN2115s.lib(i2c_ex_func.o)
    0x00002fc0   0x00002fc0   0x00000088   Code   RO         1193    i.osSYSCORE_task    TN2115s.lib(nfc_ex_func.o)
    0x00003048   0x00003048   0x00000078   Code   RO         1383    i.osTick_Setup      TN2115s.lib(os_port.o)
    0x000030c0   0x000030c0   0x00000058   Code   RO          513    i.prvAddCurrentTaskToDelayedList  tasks.o
    0x00003118   0x00003118   0x00000078   Code   RO          514    i.prvAddNewTaskToReadyList  tasks.o
    0x00003190   0x00003190   0x0000003c   Code   RO          515    i.prvCheckTasksWaitingTermination  tasks.o
    0x000031cc   0x000031cc   0x00000026   Code   RO          516    i.prvDeleteTCB      tasks.o
    0x000031f2   0x000031f2   0x00000002   PAD
    0x000031f4   0x000031f4   0x0000004c   Code   RO          863    i.prvHeapInit       heap_4.o
    0x00003240   0x00003240   0x00000086   Code   RO          518    i.prvInitialiseNewTask  tasks.o
    0x000032c6   0x000032c6   0x00000002   PAD
    0x000032c8   0x000032c8   0x00000058   Code   RO          519    i.prvInitialiseTaskLists  tasks.o
    0x00003320   0x00003320   0x00000054   Code   RO          864    i.prvInsertBlockIntoFreeList  heap_4.o
    0x00003374   0x00003374   0x00000024   Code   RO          520    i.prvResetNextTaskUnblockTime  tasks.o
    0x00003398   0x00003398   0x0000009c   Code   RO          865    i.pvPortMalloc      heap_4.o
    0x00003434   0x00003434   0x00000020   Code   RO          962    i.pxPortInitialiseStack  port.o
    0x00003454   0x00003454   0x0000002c   Code   RO         1418    i.tag_mem_setup     TN2115s.lib(sys_serv.o)
    0x00003480   0x00003480   0x00000068   Code   RO         1419    i.tick_callback     TN2115s.lib(sys_serv.o)
    0x000034e8   0x000034e8   0x00000060   Code   RO          524    i.ulTaskNotifyTake  tasks.o
    0x00003548   0x00003548   0x00000026   Code   RO          268    i.uxListRemove      list.o
    0x0000356e   0x0000356e   0x00000016   Code   RO          269    i.vListInitialise   list.o
    0x00003584   0x00003584   0x00000030   Code   RO          271    i.vListInsert       list.o
    0x000035b4   0x000035b4   0x00000018   Code   RO          272    i.vListInsertEnd    list.o
    0x000035cc   0x000035cc   0x00000018   Code   RO          966    i.vPortEnterCritical  port.o
    0x000035e4   0x000035e4   0x00000014   Code   RO          967    i.vPortExitCritical  port.o
    0x000035f8   0x000035f8   0x0000003c   Code   RO          866    i.vPortFree         heap_4.o
    0x00003634   0x00003634   0x00000018   Code   RO          968    i.vPortYield        port.o
    0x0000364c   0x0000364c   0x00000024   Code   RO          530    i.vTaskDelay        tasks.o
    0x00003670   0x00003670   0x00000080   Code   RO          536    i.vTaskNotifyGiveFromISR  tasks.o
    0x000036f0   0x000036f0   0x00000064   Code   RO          544    i.vTaskStartScheduler  tasks.o
    0x00003754   0x00003754   0x00000010   Code   RO          546    i.vTaskSuspendAll   tasks.o
    0x00003764   0x00003764   0x00000050   Code   RO          547    i.vTaskSwitchContext  tasks.o
    0x000037b4   0x000037b4   0x00000030   Code   RO          969    i.xPortStartScheduler  port.o
    0x000037e4   0x000037e4   0x00000024   Code   RO          970    i.xPortSysTickHandler  port.o
    0x00003808   0x00003808   0x00000060   Code   RO          549    i.xTaskCreate       tasks.o
    0x00003868   0x00003868   0x0000003c   Code   RO          550    i.xTaskCreateStatic  tasks.o
    0x000038a4   0x000038a4   0x000000b4   Code   RO          557    i.xTaskIncrementTick  tasks.o
    0x00003958   0x00003958   0x000000a4   Code   RO          563    i.xTaskResumeAll    tasks.o
    0x000039fc   0x000039fc   0x0000002c   Data   RO          175    .constdata          eink_driver.o
    0x00003a28   0x00003a28   0x00000068   Data   RO         1658    .constdata          TN2115s.lib(nfc_data.o)
    0x00003a90   0x00003a90   0x00000030   Data   RO         1889    Region$$Table       anon$$obj.o
    0x00003ac0   0x00003ac0   0x0000053c   PAD
    0x00003ffc   0x00003ffc   0x00000004   Data   RO         1145    .ARM.__AT_0x00003FFC  config.o
    0x00004000   0x00004000   0x00001ffc   PAD
    0x00005ffc   0x00005ffc   0x00000004   Data   RO         1146    .ARM.__AT_0x00005FFC  config.o


    Execution Region ARM_LIB_STACK (Exec base: 0x20000000, Load base: 0x00006000, Size: 0x00000200, Max: 0x00000200, ABSOLUTE, UNINIT)

    Exec Addr    Load Addr    Size         Type   Attr      Idx    E Section Name        Object

    0x20000000        -       0x00000200   Zero   RW         1175    STACK               startup_armcm0.o


    Execution Region RW_IRAM2 (Exec base: 0x20000200, Load base: 0x00006000, Size: 0x00000de0, Max: 0x00000e00, ABSOLUTE, UNINIT)

    Exec Addr    Load Addr    Size         Type   Attr      Idx    E Section Name        Object

    0x20000200        -       0x00000100   Zero   RW           14    NoInit              main.o
    0x20000300        -       0x00000154   Zero   RW          566    NoInit              tasks.o
    0x20000454        -       0x000003e8   Zero   RW          972    NoInit              port.o
    0x2000083c   0x00006000   0x00000794   PAD
    0x20000fd0        -       0x00000001   Zero   RW         1600    .ARM.__AT_0x20000FD0  TN2115s.lib(bootldr.o)
    0x20000fd1   0x00006000   0x00000003   PAD
    0x20000fd4        -       0x00000001   Zero   RW         1657    .ARM.__AT_0x20000FD4  TN2115s.lib(nfc_data.o)
    0x20000fd5   0x00006000   0x00000003   PAD
    0x20000fd8        -       0x00000004   Zero   RW         1601    .ARM.__AT_0x20000FD8  TN2115s.lib(bootldr.o)
    0x20000fdc        -       0x00000001   Zero   RW         1602    .ARM.__AT_0x20000FDC  TN2115s.lib(bootldr.o)


    Execution Region RW_IRAM1 (Exec base: 0x20001000, Load base: 0x00006000, Size: 0x0000096c, Max: 0x00001000, ABSOLUTE)

    Exec Addr    Load Addr    Size         Type   Attr      Idx    E Section Name        Object

    0x20001000   0x00006000   0x0000004c   Code   RO         1649    RW_IRAM1            TN2115s.lib(nfc_data.o)
    0x2000104c   0x0000604c   0x0000000c   Ven    RO         1898    Veneer$$Code        anon$$obj.o
    0x20001058   0x00006058   0x0000000c   Ven    RO         1899    Veneer$$Code        anon$$obj.o
    0x20001064   0x00006064   0x00000010   Data   RW           13    .data               main.o
    0x20001074   0x00006074   0x0000003c   Data   RW          565    .data               tasks.o
    0x200010b0   0x000060b0   0x00000018   Data   RW          870    .data               heap_4.o
    0x200010c8   0x000060c8   0x00000004   Data   RW          971    .data               port.o
    0x200010cc   0x000060cc   0x00000004   Data   RW         1152    .data               config.o
    0x200010d0   0x000060d0   0x00000001   Data   RW         1194    .data               TN2115s.lib(nfc_ex_func.o)
    0x200010d1   0x000060d1   0x00000001   Data   RW         1332    .data               TN2115s.lib(i2c_ex_func.o)
    0x200010d2   0x000060d2   0x00000001   Data   RW         1421    .data               TN2115s.lib(sys_serv.o)
    0x200010d3   0x000060d3   0x00000001   PAD
    0x200010d4   0x000060d4   0x00000004   Data   RW         1473    .data               TN2115s.lib(sys_ex_func.o)
    0x200010d8   0x000060d8   0x00000001   Data   RW         1474    .data               TN2115s.lib(sys_ex_func.o)
    0x200010d9   0x000060d9   0x00000003   PAD
    0x200010dc   0x000060dc   0x00000010   Data   RW         1659    .data               TN2115s.lib(nfc_data.o)
    0x200010ec   0x000060ec   0x00000001   Data   RW         1660    .data               TN2115s.lib(nfc_data.o)
    0x200010ed   0x000060ed   0x00000003   PAD
    0x200010f0   0x000060f0   0x00000004   Data   RW         1809    .data               TN2115s.lib(reg.o)
    0x200010f4   0x000060f4   0x00000004   Data   RW         1153    ER_IROM1            config.o
    0x200010f8        -       0x00000800   Zero   RW           12    .bss                main.o
    0x200018f8        -       0x00000074   Zero   RW         1762    .bss                TN2115s.lib(i2c_data.o)



  Load Region LR$$.ARM.__AT_0x00007FD0 (Base: 0x00007fd0, Size: 0x00000014, Max: 0x00000014, ABSOLUTE)

    Execution Region ER$$.ARM.__AT_0x00007FD0 (Exec base: 0x00007fd0, Load base: 0x00007fd0, Size: 0x00000014, Max: 0x00000014, ABSOLUTE, UNINIT)

    Exec Addr    Load Addr    Size         Type   Attr      Idx    E Section Name        Object

    0x00007fd0   0x00007fd0   0x00000014   Data   RW         1147    .ARM.__AT_0x00007FD0  config.o



  Load Region LR$$.ARM.__AT_0x00007FFC (Base: 0x00007ffc, Size: 0x00000004, Max: 0x00000004, ABSOLUTE)

    Execution Region ER$$.ARM.__AT_0x00007FFC (Exec base: 0x00007ffc, Load base: 0x00007ffc, Size: 0x00000004, Max: 0x00000004, ABSOLUTE, UNINIT)

    Exec Addr    Load Addr    Size         Type   Attr      Idx    E Section Name        Object

    0x00007ffc   0x00007ffc   0x00000004   Data   RO         1148    .ARM.__AT_0x00007FFC  config.o



  Load Region LR$$.ARM.__AT_0x60000780 (Base: 0x60000780, Size: 0x00000020, Max: 0x00000020, ABSOLUTE)

    Execution Region ER$$.ARM.__AT_0x60000780 (Exec base: 0x60000780, Load base: 0x60000780, Size: 0x00000020, Max: 0x00000020, ABSOLUTE, UNINIT)

    Exec Addr    Load Addr    Size         Type   Attr      Idx    E Section Name        Object

    0x60000780   0x60000780   0x00000020   Data   RO         1149    .ARM.__AT_0x60000780  config.o


==============================================================================

Image component sizes


      Code (inc. data)   RO Data    RW Data    ZI Data      Debug   Object Name

         0          0         72         28          0       1004   config.o
       902         60         44          0          0       4644   eink_driver.o
       376         28          0         24          0       4080   heap_4.o
       138          0          0          0          0       3154   list.o
       296         58          0         16       2304      30054   main.o
       342         48          0          4       1000      16379   port.o
        32         10        192          0        512        616   startup_armcm0.o
      1548        124          0         60        340      16489   tasks.o

    ----------------------------------------------------------------------
      3684        344       9884        132       6096      76420   Object Totals
        36         12         48          0          0          0   (incl. Generated)
        14          4       9528          0       1940          0   (incl. Padding)

    ----------------------------------------------------------------------

      Code (inc. data)   RO Data    RW Data    ZI Data      Debug   Library Member Name

      2172        178        184          0          6       7850   bootldr.o
        92         24          0          0          0       2334   gpio_ex_func.o
       304         36          0          0        116      10303   i2c_data.o
        80         14          0          1          0       8665   i2c_ex_func.o
      1680        166        104         17          1      18067   nfc_data.o
       244         36          0          1          0      35373   nfc_ex_func.o
       164         28          0          0          0       1733   os_port.o
        48         12          0          4          0       1026   reg.o
        28         10          0          0          0        473   reg_ex_func.o
       168         24          0          5          0      10597   sys_ex_func.o
       164         26          0          1          0       2433   sys_serv.o
         0          0          0          0          0          0   entry.o
         0          0          0          0          0          0   entry10a.o
         0          0          0          0          0          0   entry11a.o
         8          4          0          0          0          0   entry4.o
         4          0          0          0          0          0   entry5.o
         0          0          0          0          0          0   entry7b.o
         0          0          0          0          0          0   entry8b.o
         8          4          0          0          0          0   entry9a.o
        30          0          0          0          0          0   handlers.o
        36          8          0          0          0         68   init.o
        36          0          0          0          0         60   memcpya.o
        36          0          0          0          0        100   memseta.o
        44          0          0          0          0         72   uidiv.o

    ----------------------------------------------------------------------
      9032       4246       2112         36        132      99154   Library Totals
      3686       3676       1824          7          9          0   (incl. Padding)

    ----------------------------------------------------------------------

      Code (inc. data)   RO Data    RW Data    ZI Data      Debug   Library Name

      5144        554        288         29        123      98854   TN2115s.lib
       202         16          0          0          0        300   mc_p.l

    ----------------------------------------------------------------------
      9032       4246       2112         36        132      99154   Library Totals

    ----------------------------------------------------------------------

==============================================================================


      Code (inc. data)   RO Data    RW Data    ZI Data      Debug   

     12716       4590      11996        168       6228     171618   Grand Totals
     12716       4590      11996        168       6228     171618   ELF Image Totals
     12716       4590      11996        168          0          0   ROM Totals

==============================================================================

    Total RO  Size (Code + RO Data)                24712 (  24.13kB)
    Total RW  Size (RW Data + ZI Data)              6396 (   6.25kB)
    Total ROM Size (Code + RO Data + RW Data)      24880 (  24.30kB)

==============================================================================

