<html>
<body>
<pre>
<h1>礦ision Build Log</h1>
<h2>Tool Versions:</h2>
IDE-Version: μVision V5.29.0.0
Copyright (C) 2019 ARM Ltd and ARM Germany GmbH. All rights reserved.
License Information: bbb bbb, bbb, LIC=LSNXV-PVSMV-X7BRZ-JGY6B-WAZNJ-XSD6U
 
Tool Versions:
Toolchain:       MDK-ARM Plus  Version: 5.29.0.0
Toolchain Path:  C:\Keil_v5\ARM\ARMCC\Bin
C Compiler:      Armcc.exe V5.06 update 6 (build 750)
Assembler:       Armasm.exe V5.06 update 6 (build 750)
Linker/Locator:  ArmLink.exe V5.06 update 6 (build 750)
Library Manager: ArmAr.exe V5.06 update 6 (build 750)
Hex Converter:   FromElf.exe V5.06 update 6 (build 750)
CPU DLL:         SARMCM3.DLL V5.29.0.0
Dialog DLL:      DARMCM1.DLL V1.19.2.0
Target DLL:      STLink\ST-LINKIII-KEIL_SWO.dll V3.0.7.0
Dialog DLL:      TARMCM1.DLL V1.14.1.0
 
<h2>Project:</h2>
C:\Users\bbb\Desktop\Iphone12LAMP_TEST\M0_SOC.uvprojx
Project File Date:  09/28/2020

<h2>Output:</h2>
*** Using Compiler 'V5.06 update 6 (build 750)', folder: 'C:\Keil_v5\ARM\ARMCC\Bin'
Rebuild target 'soc_m0'
Before Build - User command #1: C:\Windows\System32\cmd.exe  /c copy ..\TN2115s_lib\*.* .\APP\TN2115s_libs
系统找不到指定的路径。
compiling list.c...
compiling main.c...
compiling EINK_Driver.c...
compiling queue.c...
compiling timers.c...
compiling heap_4.c...
compiling tasks.c...
compiling freertos_evr.c...
assembling startup_ARMCM0.s...
compiling event_groups.c...
compiling config.c...
compiling port.c...
linking...
.\Objects\code.axf: Warning: L6969W: Changing AT Section .ARM.__AT_0x00002020 type from RW to RO in ER_IROM1.
.\Objects\code.axf: Warning: L6969W: Changing AT Section .ARM.__AT_0x00002000 type from RW to RO in ER_IROM1.
Program Size: Code=12716 RO-data=11996 RW-data=168 ZI-data=6228  
Finished: 0 information, 2 warning and 0 error messages.
FromELF: creating hex file...
After Build - User command #1: fromelf -cvf .\objects\code.axf --vhx --32x1 -o code.hex
".\Objects\code.axf" - 0 Error(s), 2 Warning(s).

<h2>Software Packages used:</h2>

Package Vendor: ARM
                http://www.keil.com/pack/ARM.CMSIS.5.6.0.pack
                ARM.CMSIS.5.6.0
                CMSIS (Cortex Microcontroller Software Interface Standard)
   * Component: CORE Version: 5.3.0

<h2>Collection of Component include folders:</h2>
  .\RTE\_soc_m0
  C:\Users\bbb\AppData\Local\Arm\Packs\ARM\CMSIS\5.6.0\CMSIS\Core\Include
  C:\Users\bbb\AppData\Local\Arm\Packs\ARM\CMSIS\5.6.0\Device\ARM\ARMCM0\Include

<h2>Collection of Component Files used:</h2>

   * Component: ARM::CMSIS:CORE:5.3.0
Build Time Elapsed:  00:00:03
</pre>
</body>
</html>
